17:01:14 **** Build of project tutu_bsp ****
make -k all 
"Running Make include in ps7_cortexa9_0/libsrc/coresightps_dcc_v1_4/src"
make -C ps7_cortexa9_0/libsrc/coresightps_dcc_v1_4/src -s include  "SHELL=CMD" "COMPILER=arm-xilinx-eabi-gcc" "ARCHIVER=arm-xilinx-eabi-ar" "COMPILER_FLAGS=  -O2 -c" "EXTRA_COMPILER_FLAGS=-g -mcpu=cortex-a9 -mfpu=vfpv3 -mfloat-abi=hard"
"Running Make include in ps7_cortexa9_0/libsrc/ddrps_v1_0/src"
make -C ps7_cortexa9_0/libsrc/ddrps_v1_0/src -s include  "SHELL=CMD" "COMPILER=arm-xilinx-eabi-gcc" "ARCHIVER=arm-xilinx-eabi-ar" "COMPILER_FLAGS=  -O2 -c" "EXTRA_COMPILER_FLAGS=-g -mcpu=cortex-a9 -mfpu=vfpv3 -mfloat-abi=hard"
"Running Make include in ps7_cortexa9_0/libsrc/devcfg_v3_4/src"
make -C ps7_cortexa9_0/libsrc/devcfg_v3_4/src -s include  "SHELL=CMD" "COMPILER=arm-xilinx-eabi-gcc" "ARCHIVER=arm-xilinx-eabi-ar" "COMPILER_FLAGS=  -O2 -c" "EXTRA_COMPILER_FLAGS=-g -mcpu=cortex-a9 -mfpu=vfpv3 -mfloat-abi=hard"
"Running Make include in ps7_cortexa9_0/libsrc/dmaps_v2_3/src"
make -C ps7_cortexa9_0/libsrc/dmaps_v2_3/src -s include  "SHELL=CMD" "COMPILER=arm-xilinx-eabi-gcc" "ARCHIVER=arm-xilinx-eabi-ar" "COMPILER_FLAGS=  -O2 -c" "EXTRA_COMPILER_FLAGS=-g -mcpu=cortex-a9 -mfpu=vfpv3 -mfloat-abi=hard"
"Running Make include in ps7_cortexa9_0/libsrc/scuwdt_v2_1/src"
make -C ps7_cortexa9_0/libsrc/scuwdt_v2_1/src -s include  "SHELL=CMD" "COMPILER=arm-xilinx-eabi-gcc" "ARCHIVER=arm-xilinx-eabi-ar" "COMPILER_FLAGS=  -O2 -c" "EXTRA_COMPILER_FLAGS=-g -mcpu=cortex-a9 -mfpu=vfpv3 -mfloat-abi=hard"
"Running Make include in ps7_cortexa9_0/libsrc/ucos_axitimer_v1_42/src"
make -C ps7_cortexa9_0/libsrc/ucos_axitimer_v1_42/src -s include  "SHELL=CMD" "COMPILER=arm-xilinx-eabi-gcc" "ARCHIVER=arm-xilinx-eabi-ar" "COMPILER_FLAGS=  -O2 -c" "EXTRA_COMPILER_FLAGS=-g -mcpu=cortex-a9 -mfpu=vfpv3 -mfloat-abi=hard"
"Running Make include in ps7_cortexa9_0/libsrc/ucos_common_v1_42/src"
make -C ps7_cortexa9_0/libsrc/ucos_common_v1_42/src -s include  "SHELL=CMD" "COMPILER=arm-xilinx-eabi-gcc" "ARCHIVER=arm-xilinx-eabi-ar" "COMPILER_FLAGS=  -O2 -c" "EXTRA_COMPILER_FLAGS=-g -mcpu=cortex-a9 -mfpu=vfpv3 -mfloat-abi=hard"
"Running Make include in ps7_cortexa9_0/libsrc/ucos_cpu_cortexa9_v1_42/src"
make -C ps7_cortexa9_0/libsrc/ucos_cpu_cortexa9_v1_42/src -s include  "SHELL=CMD" "COMPILER=arm-xilinx-eabi-gcc" "ARCHIVER=arm-xilinx-eabi-ar" "COMPILER_FLAGS=  -O2 -c" "EXTRA_COMPILER_FLAGS=-g -mcpu=cortex-a9 -mfpu=vfpv3 -mfloat-abi=hard"
"Running Make include in ps7_cortexa9_0/libsrc/ucos_l2cachec_v1_42/src"
make -C ps7_cortexa9_0/libsrc/ucos_l2cachec_v1_42/src -s include  "SHELL=CMD" "COMPILER=arm-xilinx-eabi-gcc" "ARCHIVER=arm-xilinx-eabi-ar" "COMPILER_FLAGS=  -O2 -c" "EXTRA_COMPILER_FLAGS=-g -mcpu=cortex-a9 -mfpu=vfpv3 -mfloat-abi=hard"
"Running Make include in ps7_cortexa9_0/libsrc/ucos_osiii_v1_42/src"
make -C ps7_cortexa9_0/libsrc/ucos_osiii_v1_42/src -s include  "SHELL=CMD" "COMPILER=arm-xilinx-eabi-gcc" "ARCHIVER=arm-xilinx-eabi-ar" "COMPILER_FLAGS=  -O2 -c" "EXTRA_COMPILER_FLAGS=-g -mcpu=cortex-a9 -mfpu=vfpv3 -mfloat-abi=hard"
"Running Make include in ps7_cortexa9_0/libsrc/ucos_scuc_v1_42/src"
make -C ps7_cortexa9_0/libsrc/ucos_scuc_v1_42/src -s include  "SHELL=CMD" "COMPILER=arm-xilinx-eabi-gcc" "ARCHIVER=arm-xilinx-eabi-ar" "COMPILER_FLAGS=  -O2 -c" "EXTRA_COMPILER_FLAGS=-g -mcpu=cortex-a9 -mfpu=vfpv3 -mfloat-abi=hard"
"Running Make include in ps7_cortexa9_0/libsrc/ucos_scugic_v1_42/src"
make -C ps7_cortexa9_0/libsrc/ucos_scugic_v1_42/src -s include  "SHELL=CMD" "COMPILER=arm-xilinx-eabi-gcc" "ARCHIVER=arm-xilinx-eabi-ar" "COMPILER_FLAGS=  -O2 -c" "EXTRA_COMPILER_FLAGS=-g -mcpu=cortex-a9 -mfpu=vfpv3 -mfloat-abi=hard"
"Running Make include in ps7_cortexa9_0/libsrc/ucos_scutimer_v1_42/src"
make -C ps7_cortexa9_0/libsrc/ucos_scutimer_v1_42/src -s include  "SHELL=CMD" "COMPILER=arm-xilinx-eabi-gcc" "ARCHIVER=arm-xilinx-eabi-ar" "COMPILER_FLAGS=  -O2 -c" "EXTRA_COMPILER_FLAGS=-g -mcpu=cortex-a9 -mfpu=vfpv3 -mfloat-abi=hard"
"Running Make include in ps7_cortexa9_0/libsrc/ucos_standalone_v1_42/src"
make -C ps7_cortexa9_0/libsrc/ucos_standalone_v1_42/src -s include  "SHELL=CMD" "COMPILER=arm-xilinx-eabi-gcc" "ARCHIVER=arm-xilinx-eabi-ar" "COMPILER_FLAGS=  -O2 -c" "EXTRA_COMPILER_FLAGS=-g -mcpu=cortex-a9 -mfpu=vfpv3 -mfloat-abi=hard"
"Running Make include in ps7_cortexa9_0/libsrc/ucos_uartps_v1_42/src"
make -C ps7_cortexa9_0/libsrc/ucos_uartps_v1_42/src -s include  "SHELL=CMD" "COMPILER=arm-xilinx-eabi-gcc" "ARCHIVER=arm-xilinx-eabi-ar" "COMPILER_FLAGS=  -O2 -c" "EXTRA_COMPILER_FLAGS=-g -mcpu=cortex-a9 -mfpu=vfpv3 -mfloat-abi=hard"
"Running Make include in ps7_cortexa9_0/libsrc/ucos_v1_42/src"
make -C ps7_cortexa9_0/libsrc/ucos_v1_42/src -s include  "SHELL=CMD" "COMPILER=arm-xilinx-eabi-gcc" "ARCHIVER=arm-xilinx-eabi-ar" "COMPILER_FLAGS=  -O2 -c" "EXTRA_COMPILER_FLAGS=-g -mcpu=cortex-a9 -mfpu=vfpv3 -mfloat-abi=hard"
"Running Make include in ps7_cortexa9_0/libsrc/xadcps_v2_2/src"
make -C ps7_cortexa9_0/libsrc/xadcps_v2_2/src -s include  "SHELL=CMD" "COMPILER=arm-xilinx-eabi-gcc" "ARCHIVER=arm-xilinx-eabi-ar" "COMPILER_FLAGS=  -O2 -c" "EXTRA_COMPILER_FLAGS=-g -mcpu=cortex-a9 -mfpu=vfpv3 -mfloat-abi=hard"
"Running Make libs in ps7_cortexa9_0/libsrc/coresightps_dcc_v1_4/src"
make -C ps7_cortexa9_0/libsrc/coresightps_dcc_v1_4/src -s libs  "SHELL=CMD" "COMPILER=arm-xilinx-eabi-gcc" "ARCHIVER=arm-xilinx-eabi-ar" "COMPILER_FLAGS=  -O2 -c" "EXTRA_COMPILER_FLAGS=-g -mcpu=cortex-a9 -mfpu=vfpv3 -mfloat-abi=hard"
"Compiling coresightps_dcc"
arm-xilinx-eabi-ar: creating ../../../lib/libxil.a
"Running Make libs in ps7_cortexa9_0/libsrc/ddrps_v1_0/src"
make -C ps7_cortexa9_0/libsrc/ddrps_v1_0/src -s libs  "SHELL=CMD" "COMPILER=arm-xilinx-eabi-gcc" "ARCHIVER=arm-xilinx-eabi-ar" "COMPILER_FLAGS=  -O2 -c" "EXTRA_COMPILER_FLAGS=-g -mcpu=cortex-a9 -mfpu=vfpv3 -mfloat-abi=hard"
"Compiling ddrps"
"Running Make libs in ps7_cortexa9_0/libsrc/devcfg_v3_4/src"
make -C ps7_cortexa9_0/libsrc/devcfg_v3_4/src -s libs  "SHELL=CMD" "COMPILER=arm-xilinx-eabi-gcc" "ARCHIVER=arm-xilinx-eabi-ar" "COMPILER_FLAGS=  -O2 -c" "EXTRA_COMPILER_FLAGS=-g -mcpu=cortex-a9 -mfpu=vfpv3 -mfloat-abi=hard"
"Compiling devcfg"
"Running Make libs in ps7_cortexa9_0/libsrc/dmaps_v2_3/src"
make -C ps7_cortexa9_0/libsrc/dmaps_v2_3/src -s libs  "SHELL=CMD" "COMPILER=arm-xilinx-eabi-gcc" "ARCHIVER=arm-xilinx-eabi-ar" "COMPILER_FLAGS=  -O2 -c" "EXTRA_COMPILER_FLAGS=-g -mcpu=cortex-a9 -mfpu=vfpv3 -mfloat-abi=hard"
"Compiling dmaps"
"Running Make libs in ps7_cortexa9_0/libsrc/scuwdt_v2_1/src"
make -C ps7_cortexa9_0/libsrc/scuwdt_v2_1/src -s libs  "SHELL=CMD" "COMPILER=arm-xilinx-eabi-gcc" "ARCHIVER=arm-xilinx-eabi-ar" "COMPILER_FLAGS=  -O2 -c" "EXTRA_COMPILER_FLAGS=-g -mcpu=cortex-a9 -mfpu=vfpv3 -mfloat-abi=hard"
"Compiling scuwdt"
"Running Make libs in ps7_cortexa9_0/libsrc/ucos_axitimer_v1_42/src"
make -C ps7_cortexa9_0/libsrc/ucos_axitimer_v1_42/src -s libs  "SHELL=CMD" "COMPILER=arm-xilinx-eabi-gcc" "ARCHIVER=arm-xilinx-eabi-ar" "COMPILER_FLAGS=  -O2 -c" "EXTRA_COMPILER_FLAGS=-g -mcpu=cortex-a9 -mfpu=vfpv3 -mfloat-abi=hard"
"Compiling ucos_axitimer"
arm-xilinx-eabi-ar: creating ../../../lib/libucos.a
"Running Make libs in ps7_cortexa9_0/libsrc/ucos_common_v1_42/src"
make -C ps7_cortexa9_0/libsrc/ucos_common_v1_42/src -s libs  "SHELL=CMD" "COMPILER=arm-xilinx-eabi-gcc" "ARCHIVER=arm-xilinx-eabi-ar" "COMPILER_FLAGS=  -O2 -c" "EXTRA_COMPILER_FLAGS=-g -mcpu=cortex-a9 -mfpu=vfpv3 -mfloat-abi=hard"
"Compiling uC/OS Common Components"
"Running Make libs in ps7_cortexa9_0/libsrc/ucos_cpu_cortexa9_v1_42/src"
make -C ps7_cortexa9_0/libsrc/ucos_cpu_cortexa9_v1_42/src -s libs  "SHELL=CMD" "COMPILER=arm-xilinx-eabi-gcc" "ARCHIVER=arm-xilinx-eabi-ar" "COMPILER_FLAGS=  -O2 -c" "EXTRA_COMPILER_FLAGS=-g -mcpu=cortex-a9 -mfpu=vfpv3 -mfloat-abi=hard"
"Compiling ucos_cpu_cortexa9"
"Running Make libs in ps7_cortexa9_0/libsrc/ucos_l2cachec_v1_42/src"
make -C ps7_cortexa9_0/libsrc/ucos_l2cachec_v1_42/src -s libs  "SHELL=CMD" "COMPILER=arm-xilinx-eabi-gcc" "ARCHIVER=arm-xilinx-eabi-ar" "COMPILER_FLAGS=  -O2 -c" "EXTRA_COMPILER_FLAGS=-g -mcpu=cortex-a9 -mfpu=vfpv3 -mfloat-abi=hard"
"Compiling ucos_scuc"
"Running Make libs in ps7_cortexa9_0/libsrc/ucos_osiii_v1_42/src"
make -C ps7_cortexa9_0/libsrc/ucos_osiii_v1_42/src -s libs  "SHELL=CMD" "COMPILER=arm-xilinx-eabi-gcc" "ARCHIVER=arm-xilinx-eabi-ar" "COMPILER_FLAGS=  -O2 -c" "EXTRA_COMPILER_FLAGS=-g -mcpu=cortex-a9 -mfpu=vfpv3 -mfloat-abi=hard"
"Compiling uC/OS-III"
"Running Make libs in ps7_cortexa9_0/libsrc/ucos_scuc_v1_42/src"
make -C ps7_cortexa9_0/libsrc/ucos_scuc_v1_42/src -s libs  "SHELL=CMD" "COMPILER=arm-xilinx-eabi-gcc" "ARCHIVER=arm-xilinx-eabi-ar" "COMPILER_FLAGS=  -O2 -c" "EXTRA_COMPILER_FLAGS=-g -mcpu=cortex-a9 -mfpu=vfpv3 -mfloat-abi=hard"
"Compiling ucos_l2cachec"
"Running Make libs in ps7_cortexa9_0/libsrc/ucos_scugic_v1_42/src"
make -C ps7_cortexa9_0/libsrc/ucos_scugic_v1_42/src -s libs  "SHELL=CMD" "COMPILER=arm-xilinx-eabi-gcc" "ARCHIVER=arm-xilinx-eabi-ar" "COMPILER_FLAGS=  -O2 -c" "EXTRA_COMPILER_FLAGS=-g -mcpu=cortex-a9 -mfpu=vfpv3 -mfloat-abi=hard"
"Compiling scugic"
"Running Make libs in ps7_cortexa9_0/libsrc/ucos_scutimer_v1_42/src"
make -C ps7_cortexa9_0/libsrc/ucos_scutimer_v1_42/src -s libs  "SHELL=CMD" "COMPILER=arm-xilinx-eabi-gcc" "ARCHIVER=arm-xilinx-eabi-ar" "COMPILER_FLAGS=  -O2 -c" "EXTRA_COMPILER_FLAGS=-g -mcpu=cortex-a9 -mfpu=vfpv3 -mfloat-abi=hard"
"Compiling scutimer"
"Running Make libs in ps7_cortexa9_0/libsrc/ucos_standalone_v1_42/src"
make -C ps7_cortexa9_0/libsrc/ucos_standalone_v1_42/src -s libs  "SHELL=CMD" "COMPILER=arm-xilinx-eabi-gcc" "ARCHIVER=arm-xilinx-eabi-ar" "COMPILER_FLAGS=  -O2 -c" "EXTRA_COMPILER_FLAGS=-g -mcpu=cortex-a9 -mfpu=vfpv3 -mfloat-abi=hard"
"Compiling standalone"
"Running Make libs in ps7_cortexa9_0/libsrc/ucos_uartps_v1_42/src"
make -C ps7_cortexa9_0/libsrc/ucos_uartps_v1_42/src -s libs  "SHELL=CMD" "COMPILER=arm-xilinx-eabi-gcc" "ARCHIVER=arm-xilinx-eabi-ar" "COMPILER_FLAGS=  -O2 -c" "EXTRA_COMPILER_FLAGS=-g -mcpu=cortex-a9 -mfpu=vfpv3 -mfloat-abi=hard"
"Compiling ucos_emacps"
"Running Make libs in ps7_cortexa9_0/libsrc/ucos_v1_42/src"
make -C ps7_cortexa9_0/libsrc/ucos_v1_42/src -s libs  "SHELL=CMD" "COMPILER=arm-xilinx-eabi-gcc" "ARCHIVER=arm-xilinx-eabi-ar" "COMPILER_FLAGS=  -O2 -c" "EXTRA_COMPILER_FLAGS=-g -mcpu=cortex-a9 -mfpu=vfpv3 -mfloat-abi=hard"
"Compiling uC/OS"
"Running Make libs in ps7_cortexa9_0/libsrc/xadcps_v2_2/src"
make -C ps7_cortexa9_0/libsrc/xadcps_v2_2/src -s libs  "SHELL=CMD" "COMPILER=arm-xilinx-eabi-gcc" "ARCHIVER=arm-xilinx-eabi-ar" "COMPILER_FLAGS=  -O2 -c" "EXTRA_COMPILER_FLAGS=-g -mcpu=cortex-a9 -mfpu=vfpv3 -mfloat-abi=hard"
"Compiling xadcps"
'Finished building libraries'
17:01:35 **** Build of configuration Debug for project tutu ****
make pre-build main-build 
a9-linaro-pre-build-step
' '
'Building file: ../src/app.c'
'Invoking: ARM v7 gcc compiler'
arm-none-eabi-gcc -Wall -O0 -g3 -c -fmessage-length=0 -MT"src/app.o" -mcpu=cortex-a9 -mfpu=vfpv3 -mfloat-abi=hard -I../../tutu_bsp/ps7_cortexa9_0/include -MMD -MP -MF"src/app.d" -MT"src/app.o" -o "src/app.o" "../src/app.c"
'Finished building: ../src/app.c'
' '
'Building target: tutu.elf'
'Invoking: ARM v7 gcc linker'
arm-none-eabi-gcc -mcpu=cortex-a9 -mfpu=vfpv3 -mfloat-abi=hard -Wl,-build-id=none -specs=Xilinx.spec -Wl,-T -Wl,../src/lscript.ld -L../../tutu_bsp/ps7_cortexa9_0/lib -o "tutu.elf"  ./src/app.o   -Wl,--start-group,-lucos,-lgcc,-lc,--end-group -Wl,--start-group,-lxil,-lucos,-lgcc,-lc,--end-group
'Finished building target: tutu.elf'
' '
'Invoking: ARM v7 Print Size'
arm-none-eabi-size tutu.elf  |tee "tutu.elf.size"
   text	   data	    bss	    dec	    hex	filename
  58156	     20	  34528	  92704	  16a20	tutu.elf
'Finished building: tutu.elf.size'
' '
17:02:49 **** Auto Build of project tutu_bsp ****
make -k all 
"Running Make include in ps7_cortexa9_0/libsrc/coresightps_dcc_v1_4/src"
make -C ps7_cortexa9_0/libsrc/coresightps_dcc_v1_4/src -s include  "SHELL=CMD" "COMPILER=arm-xilinx-eabi-gcc" "ARCHIVER=arm-xilinx-eabi-ar" "COMPILER_FLAGS=  -O2 -c" "EXTRA_COMPILER_FLAGS=-g -mcpu=cortex-a9 -mfpu=vfpv3 -mfloat-abi=hard"
"Running Make include in ps7_cortexa9_0/libsrc/ddrps_v1_0/src"
make -C ps7_cortexa9_0/libsrc/ddrps_v1_0/src -s include  "SHELL=CMD" "COMPILER=arm-xilinx-eabi-gcc" "ARCHIVER=arm-xilinx-eabi-ar" "COMPILER_FLAGS=  -O2 -c" "EXTRA_COMPILER_FLAGS=-g -mcpu=cortex-a9 -mfpu=vfpv3 -mfloat-abi=hard"
"Running Make include in ps7_cortexa9_0/libsrc/devcfg_v3_4/src"
make -C ps7_cortexa9_0/libsrc/devcfg_v3_4/src -s include  "SHELL=CMD" "COMPILER=arm-xilinx-eabi-gcc" "ARCHIVER=arm-xilinx-eabi-ar" "COMPILER_FLAGS=  -O2 -c" "EXTRA_COMPILER_FLAGS=-g -mcpu=cortex-a9 -mfpu=vfpv3 -mfloat-abi=hard"
"Running Make include in ps7_cortexa9_0/libsrc/dmaps_v2_3/src"
make -C ps7_cortexa9_0/libsrc/dmaps_v2_3/src -s include  "SHELL=CMD" "COMPILER=arm-xilinx-eabi-gcc" "ARCHIVER=arm-xilinx-eabi-ar" "COMPILER_FLAGS=  -O2 -c" "EXTRA_COMPILER_FLAGS=-g -mcpu=cortex-a9 -mfpu=vfpv3 -mfloat-abi=hard"
"Running Make include in ps7_cortexa9_0/libsrc/scuwdt_v2_1/src"
make -C ps7_cortexa9_0/libsrc/scuwdt_v2_1/src -s include  "SHELL=CMD" "COMPILER=arm-xilinx-eabi-gcc" "ARCHIVER=arm-xilinx-eabi-ar" "COMPILER_FLAGS=  -O2 -c" "EXTRA_COMPILER_FLAGS=-g -mcpu=cortex-a9 -mfpu=vfpv3 -mfloat-abi=hard"
"Running Make include in ps7_cortexa9_0/libsrc/ucos_axitimer_v1_42/src"
make -C ps7_cortexa9_0/libsrc/ucos_axitimer_v1_42/src -s include  "SHELL=CMD" "COMPILER=arm-xilinx-eabi-gcc" "ARCHIVER=arm-xilinx-eabi-ar" "COMPILER_FLAGS=  -O2 -c" "EXTRA_COMPILER_FLAGS=-g -mcpu=cortex-a9 -mfpu=vfpv3 -mfloat-abi=hard"
"Running Make include in ps7_cortexa9_0/libsrc/ucos_common_v1_42/src"
make -C ps7_cortexa9_0/libsrc/ucos_common_v1_42/src -s include  "SHELL=CMD" "COMPILER=arm-xilinx-eabi-gcc" "ARCHIVER=arm-xilinx-eabi-ar" "COMPILER_FLAGS=  -O2 -c" "EXTRA_COMPILER_FLAGS=-g -mcpu=cortex-a9 -mfpu=vfpv3 -mfloat-abi=hard"
"Running Make include in ps7_cortexa9_0/libsrc/ucos_cpu_cortexa9_v1_42/src"
make -C ps7_cortexa9_0/libsrc/ucos_cpu_cortexa9_v1_42/src -s include  "SHELL=CMD" "COMPILER=arm-xilinx-eabi-gcc" "ARCHIVER=arm-xilinx-eabi-ar" "COMPILER_FLAGS=  -O2 -c" "EXTRA_COMPILER_FLAGS=-g -mcpu=cortex-a9 -mfpu=vfpv3 -mfloat-abi=hard"
"Running Make include in ps7_cortexa9_0/libsrc/ucos_l2cachec_v1_42/src"
make -C ps7_cortexa9_0/libsrc/ucos_l2cachec_v1_42/src -s include  "SHELL=CMD" "COMPILER=arm-xilinx-eabi-gcc" "ARCHIVER=arm-xilinx-eabi-ar" "COMPILER_FLAGS=  -O2 -c" "EXTRA_COMPILER_FLAGS=-g -mcpu=cortex-a9 -mfpu=vfpv3 -mfloat-abi=hard"
"Running Make include in ps7_cortexa9_0/libsrc/ucos_osiii_v1_42/src"
make -C ps7_cortexa9_0/libsrc/ucos_osiii_v1_42/src -s include  "SHELL=CMD" "COMPILER=arm-xilinx-eabi-gcc" "ARCHIVER=arm-xilinx-eabi-ar" "COMPILER_FLAGS=  -O2 -c" "EXTRA_COMPILER_FLAGS=-g -mcpu=cortex-a9 -mfpu=vfpv3 -mfloat-abi=hard"
"Running Make include in ps7_cortexa9_0/libsrc/ucos_scuc_v1_42/src"
make -C ps7_cortexa9_0/libsrc/ucos_scuc_v1_42/src -s include  "SHELL=CMD" "COMPILER=arm-xilinx-eabi-gcc" "ARCHIVER=arm-xilinx-eabi-ar" "COMPILER_FLAGS=  -O2 -c" "EXTRA_COMPILER_FLAGS=-g -mcpu=cortex-a9 -mfpu=vfpv3 -mfloat-abi=hard"
"Running Make include in ps7_cortexa9_0/libsrc/ucos_scugic_v1_42/src"
make -C ps7_cortexa9_0/libsrc/ucos_scugic_v1_42/src -s include  "SHELL=CMD" "COMPILER=arm-xilinx-eabi-gcc" "ARCHIVER=arm-xilinx-eabi-ar" "COMPILER_FLAGS=  -O2 -c" "EXTRA_COMPILER_FLAGS=-g -mcpu=cortex-a9 -mfpu=vfpv3 -mfloat-abi=hard"
"Running Make include in ps7_cortexa9_0/libsrc/ucos_scutimer_v1_42/src"
make -C ps7_cortexa9_0/libsrc/ucos_scutimer_v1_42/src -s include  "SHELL=CMD" "COMPILER=arm-xilinx-eabi-gcc" "ARCHIVER=arm-xilinx-eabi-ar" "COMPILER_FLAGS=  -O2 -c" "EXTRA_COMPILER_FLAGS=-g -mcpu=cortex-a9 -mfpu=vfpv3 -mfloat-abi=hard"
"Running Make include in ps7_cortexa9_0/libsrc/ucos_standalone_v1_42/src"
make -C ps7_cortexa9_0/libsrc/ucos_standalone_v1_42/src -s include  "SHELL=CMD" "COMPILER=arm-xilinx-eabi-gcc" "ARCHIVER=arm-xilinx-eabi-ar" "COMPILER_FLAGS=  -O2 -c" "EXTRA_COMPILER_FLAGS=-g -mcpu=cortex-a9 -mfpu=vfpv3 -mfloat-abi=hard"
"Running Make include in ps7_cortexa9_0/libsrc/ucos_uartps_v1_42/src"
make -C ps7_cortexa9_0/libsrc/ucos_uartps_v1_42/src -s include  "SHELL=CMD" "COMPILER=arm-xilinx-eabi-gcc" "ARCHIVER=arm-xilinx-eabi-ar" "COMPILER_FLAGS=  -O2 -c" "EXTRA_COMPILER_FLAGS=-g -mcpu=cortex-a9 -mfpu=vfpv3 -mfloat-abi=hard"
"Running Make include in ps7_cortexa9_0/libsrc/ucos_v1_42/src"
make -C ps7_cortexa9_0/libsrc/ucos_v1_42/src -s include  "SHELL=CMD" "COMPILER=arm-xilinx-eabi-gcc" "ARCHIVER=arm-xilinx-eabi-ar" "COMPILER_FLAGS=  -O2 -c" "EXTRA_COMPILER_FLAGS=-g -mcpu=cortex-a9 -mfpu=vfpv3 -mfloat-abi=hard"
"Running Make include in ps7_cortexa9_0/libsrc/xadcps_v2_2/src"
make -C ps7_cortexa9_0/libsrc/xadcps_v2_2/src -s include  "SHELL=CMD" "COMPILER=arm-xilinx-eabi-gcc" "ARCHIVER=arm-xilinx-eabi-ar" "COMPILER_FLAGS=  -O2 -c" "EXTRA_COMPILER_FLAGS=-g -mcpu=cortex-a9 -mfpu=vfpv3 -mfloat-abi=hard"
"Running Make libs in ps7_cortexa9_0/libsrc/coresightps_dcc_v1_4/src"
make -C ps7_cortexa9_0/libsrc/coresightps_dcc_v1_4/src -s libs  "SHELL=CMD" "COMPILER=arm-xilinx-eabi-gcc" "ARCHIVER=arm-xilinx-eabi-ar" "COMPILER_FLAGS=  -O2 -c" "EXTRA_COMPILER_FLAGS=-g -mcpu=cortex-a9 -mfpu=vfpv3 -mfloat-abi=hard"
"Compiling coresightps_dcc"
arm-xilinx-eabi-ar: creating ../../../lib/libxil.a
"Running Make libs in ps7_cortexa9_0/libsrc/ddrps_v1_0/src"
make -C ps7_cortexa9_0/libsrc/ddrps_v1_0/src -s libs  "SHELL=CMD" "COMPILER=arm-xilinx-eabi-gcc" "ARCHIVER=arm-xilinx-eabi-ar" "COMPILER_FLAGS=  -O2 -c" "EXTRA_COMPILER_FLAGS=-g -mcpu=cortex-a9 -mfpu=vfpv3 -mfloat-abi=hard"
"Compiling ddrps"
"Running Make libs in ps7_cortexa9_0/libsrc/devcfg_v3_4/src"
make -C ps7_cortexa9_0/libsrc/devcfg_v3_4/src -s libs  "SHELL=CMD" "COMPILER=arm-xilinx-eabi-gcc" "ARCHIVER=arm-xilinx-eabi-ar" "COMPILER_FLAGS=  -O2 -c" "EXTRA_COMPILER_FLAGS=-g -mcpu=cortex-a9 -mfpu=vfpv3 -mfloat-abi=hard"
"Compiling devcfg"
"Running Make libs in ps7_cortexa9_0/libsrc/dmaps_v2_3/src"
make -C ps7_cortexa9_0/libsrc/dmaps_v2_3/src -s libs  "SHELL=CMD" "COMPILER=arm-xilinx-eabi-gcc" "ARCHIVER=arm-xilinx-eabi-ar" "COMPILER_FLAGS=  -O2 -c" "EXTRA_COMPILER_FLAGS=-g -mcpu=cortex-a9 -mfpu=vfpv3 -mfloat-abi=hard"
"Compiling dmaps"
"Running Make libs in ps7_cortexa9_0/libsrc/scuwdt_v2_1/src"
make -C ps7_cortexa9_0/libsrc/scuwdt_v2_1/src -s libs  "SHELL=CMD" "COMPILER=arm-xilinx-eabi-gcc" "ARCHIVER=arm-xilinx-eabi-ar" "COMPILER_FLAGS=  -O2 -c" "EXTRA_COMPILER_FLAGS=-g -mcpu=cortex-a9 -mfpu=vfpv3 -mfloat-abi=hard"
"Compiling scuwdt"
"Running Make libs in ps7_cortexa9_0/libsrc/ucos_axitimer_v1_42/src"
make -C ps7_cortexa9_0/libsrc/ucos_axitimer_v1_42/src -s libs  "SHELL=CMD" "COMPILER=arm-xilinx-eabi-gcc" "ARCHIVER=arm-xilinx-eabi-ar" "COMPILER_FLAGS=  -O2 -c" "EXTRA_COMPILER_FLAGS=-g -mcpu=cortex-a9 -mfpu=vfpv3 -mfloat-abi=hard"
"Compiling ucos_axitimer"
arm-xilinx-eabi-ar: creating ../../../lib/libucos.a
"Running Make libs in ps7_cortexa9_0/libsrc/ucos_common_v1_42/src"
make -C ps7_cortexa9_0/libsrc/ucos_common_v1_42/src -s libs  "SHELL=CMD" "COMPILER=arm-xilinx-eabi-gcc" "ARCHIVER=arm-xilinx-eabi-ar" "COMPILER_FLAGS=  -O2 -c" "EXTRA_COMPILER_FLAGS=-g -mcpu=cortex-a9 -mfpu=vfpv3 -mfloat-abi=hard"
"Compiling uC/OS Common Components"
"Running Make libs in ps7_cortexa9_0/libsrc/ucos_cpu_cortexa9_v1_42/src"
make -C ps7_cortexa9_0/libsrc/ucos_cpu_cortexa9_v1_42/src -s libs  "SHELL=CMD" "COMPILER=arm-xilinx-eabi-gcc" "ARCHIVER=arm-xilinx-eabi-ar" "COMPILER_FLAGS=  -O2 -c" "EXTRA_COMPILER_FLAGS=-g -mcpu=cortex-a9 -mfpu=vfpv3 -mfloat-abi=hard"
"Compiling ucos_cpu_cortexa9"
"Running Make libs in ps7_cortexa9_0/libsrc/ucos_l2cachec_v1_42/src"
make -C ps7_cortexa9_0/libsrc/ucos_l2cachec_v1_42/src -s libs  "SHELL=CMD" "COMPILER=arm-xilinx-eabi-gcc" "ARCHIVER=arm-xilinx-eabi-ar" "COMPILER_FLAGS=  -O2 -c" "EXTRA_COMPILER_FLAGS=-g -mcpu=cortex-a9 -mfpu=vfpv3 -mfloat-abi=hard"
"Compiling ucos_scuc"
"Running Make libs in ps7_cortexa9_0/libsrc/ucos_osiii_v1_42/src"
make -C ps7_cortexa9_0/libsrc/ucos_osiii_v1_42/src -s libs  "SHELL=CMD" "COMPILER=arm-xilinx-eabi-gcc" "ARCHIVER=arm-xilinx-eabi-ar" "COMPILER_FLAGS=  -O2 -c" "EXTRA_COMPILER_FLAGS=-g -mcpu=cortex-a9 -mfpu=vfpv3 -mfloat-abi=hard"
"Compiling uC/OS-III"
"Running Make libs in ps7_cortexa9_0/libsrc/ucos_scuc_v1_42/src"
make -C ps7_cortexa9_0/libsrc/ucos_scuc_v1_42/src -s libs  "SHELL=CMD" "COMPILER=arm-xilinx-eabi-gcc" "ARCHIVER=arm-xilinx-eabi-ar" "COMPILER_FLAGS=  -O2 -c" "EXTRA_COMPILER_FLAGS=-g -mcpu=cortex-a9 -mfpu=vfpv3 -mfloat-abi=hard"
"Compiling ucos_l2cachec"
"Running Make libs in ps7_cortexa9_0/libsrc/ucos_scugic_v1_42/src"
make -C ps7_cortexa9_0/libsrc/ucos_scugic_v1_42/src -s libs  "SHELL=CMD" "COMPILER=arm-xilinx-eabi-gcc" "ARCHIVER=arm-xilinx-eabi-ar" "COMPILER_FLAGS=  -O2 -c" "EXTRA_COMPILER_FLAGS=-g -mcpu=cortex-a9 -mfpu=vfpv3 -mfloat-abi=hard"
"Compiling scugic"
"Running Make libs in ps7_cortexa9_0/libsrc/ucos_scutimer_v1_42/src"
make -C ps7_cortexa9_0/libsrc/ucos_scutimer_v1_42/src -s libs  "SHELL=CMD" "COMPILER=arm-xilinx-eabi-gcc" "ARCHIVER=arm-xilinx-eabi-ar" "COMPILER_FLAGS=  -O2 -c" "EXTRA_COMPILER_FLAGS=-g -mcpu=cortex-a9 -mfpu=vfpv3 -mfloat-abi=hard"
"Compiling scutimer"
"Running Make libs in ps7_cortexa9_0/libsrc/ucos_standalone_v1_42/src"
make -C ps7_cortexa9_0/libsrc/ucos_standalone_v1_42/src -s libs  "SHELL=CMD" "COMPILER=arm-xilinx-eabi-gcc" "ARCHIVER=arm-xilinx-eabi-ar" "COMPILER_FLAGS=  -O2 -c" "EXTRA_COMPILER_FLAGS=-g -mcpu=cortex-a9 -mfpu=vfpv3 -mfloat-abi=hard"
"Compiling standalone"
"Running Make libs in ps7_cortexa9_0/libsrc/ucos_uartps_v1_42/src"
make -C ps7_cortexa9_0/libsrc/ucos_uartps_v1_42/src -s libs  "SHELL=CMD" "COMPILER=arm-xilinx-eabi-gcc" "ARCHIVER=arm-xilinx-eabi-ar" "COMPILER_FLAGS=  -O2 -c" "EXTRA_COMPILER_FLAGS=-g -mcpu=cortex-a9 -mfpu=vfpv3 -mfloat-abi=hard"
"Compiling ucos_emacps"
"Running Make libs in ps7_cortexa9_0/libsrc/ucos_v1_42/src"
make -C ps7_cortexa9_0/libsrc/ucos_v1_42/src -s libs  "SHELL=CMD" "COMPILER=arm-xilinx-eabi-gcc" "ARCHIVER=arm-xilinx-eabi-ar" "COMPILER_FLAGS=  -O2 -c" "EXTRA_COMPILER_FLAGS=-g -mcpu=cortex-a9 -mfpu=vfpv3 -mfloat-abi=hard"
"Compiling uC/OS"
"Running Make libs in ps7_cortexa9_0/libsrc/xadcps_v2_2/src"
make -C ps7_cortexa9_0/libsrc/xadcps_v2_2/src -s libs  "SHELL=CMD" "COMPILER=arm-xilinx-eabi-gcc" "ARCHIVER=arm-xilinx-eabi-ar" "COMPILER_FLAGS=  -O2 -c" "EXTRA_COMPILER_FLAGS=-g -mcpu=cortex-a9 -mfpu=vfpv3 -mfloat-abi=hard"
"Compiling xadcps"
'Finished building libraries'
17:03:11 **** Auto Build of configuration Debug for project tutu ****
make pre-build main-build 
a9-linaro-pre-build-step
' '
'Building file: ../src/app.c'
'Invoking: ARM v7 gcc compiler'
arm-none-eabi-gcc -Wall -O0 -g3 -c -fmessage-length=0 -MT"src/app.o" -mcpu=cortex-a9 -mfpu=vfpv3 -mfloat-abi=hard -I../../tutu_bsp/ps7_cortexa9_0/include -MMD -MP -MF"src/app.d" -MT"src/app.o" -o "src/app.o" "../src/app.c"
'Finished building: ../src/app.c'
' '
'Building target: tutu.elf'
'Invoking: ARM v7 gcc linker'
arm-none-eabi-gcc -mcpu=cortex-a9 -mfpu=vfpv3 -mfloat-abi=hard -Wl,-build-id=none -specs=Xilinx.spec -Wl,-T -Wl,../src/lscript.ld -L../../tutu_bsp/ps7_cortexa9_0/lib -o "tutu.elf"  ./src/app.o   -Wl,--start-group,-lucos,-lgcc,-lc,--end-group -Wl,--start-group,-lxil,-lucos,-lgcc,-lc,--end-group
'Finished building target: tutu.elf'
' '
'Invoking: ARM v7 Print Size'
arm-none-eabi-size tutu.elf  |tee "tutu.elf.size"
   text	   data	    bss	    dec	    hex	filename
  60596	     40	  34576	  95212	  173ec	tutu.elf
'Finished building: tutu.elf.size'
' '
17:03:34 **** Auto Build of project tutu_bsp ****
make -k all 
"Running Make include in ps7_cortexa9_0/libsrc/coresightps_dcc_v1_4/src"
make -C ps7_cortexa9_0/libsrc/coresightps_dcc_v1_4/src -s include  "SHELL=CMD" "COMPILER=arm-xilinx-eabi-gcc" "ARCHIVER=arm-xilinx-eabi-ar" "COMPILER_FLAGS=  -O2 -c" "EXTRA_COMPILER_FLAGS=-g -mcpu=cortex-a9 -mfpu=vfpv3 -mfloat-abi=hard"
"Running Make include in ps7_cortexa9_0/libsrc/ddrps_v1_0/src"
make -C ps7_cortexa9_0/libsrc/ddrps_v1_0/src -s include  "SHELL=CMD" "COMPILER=arm-xilinx-eabi-gcc" "ARCHIVER=arm-xilinx-eabi-ar" "COMPILER_FLAGS=  -O2 -c" "EXTRA_COMPILER_FLAGS=-g -mcpu=cortex-a9 -mfpu=vfpv3 -mfloat-abi=hard"
"Running Make include in ps7_cortexa9_0/libsrc/devcfg_v3_4/src"
make -C ps7_cortexa9_0/libsrc/devcfg_v3_4/src -s include  "SHELL=CMD" "COMPILER=arm-xilinx-eabi-gcc" "ARCHIVER=arm-xilinx-eabi-ar" "COMPILER_FLAGS=  -O2 -c" "EXTRA_COMPILER_FLAGS=-g -mcpu=cortex-a9 -mfpu=vfpv3 -mfloat-abi=hard"
"Running Make include in ps7_cortexa9_0/libsrc/dmaps_v2_3/src"
make -C ps7_cortexa9_0/libsrc/dmaps_v2_3/src -s include  "SHELL=CMD" "COMPILER=arm-xilinx-eabi-gcc" "ARCHIVER=arm-xilinx-eabi-ar" "COMPILER_FLAGS=  -O2 -c" "EXTRA_COMPILER_FLAGS=-g -mcpu=cortex-a9 -mfpu=vfpv3 -mfloat-abi=hard"
"Running Make include in ps7_cortexa9_0/libsrc/scuwdt_v2_1/src"
make -C ps7_cortexa9_0/libsrc/scuwdt_v2_1/src -s include  "SHELL=CMD" "COMPILER=arm-xilinx-eabi-gcc" "ARCHIVER=arm-xilinx-eabi-ar" "COMPILER_FLAGS=  -O2 -c" "EXTRA_COMPILER_FLAGS=-g -mcpu=cortex-a9 -mfpu=vfpv3 -mfloat-abi=hard"
"Running Make include in ps7_cortexa9_0/libsrc/tmrctr_v4_3/src"
make -C ps7_cortexa9_0/libsrc/tmrctr_v4_3/src -s include  "SHELL=CMD" "COMPILER=arm-xilinx-eabi-gcc" "ARCHIVER=arm-xilinx-eabi-ar" "COMPILER_FLAGS=  -O2 -c" "EXTRA_COMPILER_FLAGS=-g -mcpu=cortex-a9 -mfpu=vfpv3 -mfloat-abi=hard"
"Running Make include in ps7_cortexa9_0/libsrc/ucos_axitimer_v1_42/src"
make -C ps7_cortexa9_0/libsrc/ucos_axitimer_v1_42/src -s include  "SHELL=CMD" "COMPILER=arm-xilinx-eabi-gcc" "ARCHIVER=arm-xilinx-eabi-ar" "COMPILER_FLAGS=  -O2 -c" "EXTRA_COMPILER_FLAGS=-g -mcpu=cortex-a9 -mfpu=vfpv3 -mfloat-abi=hard"
"Running Make include in ps7_cortexa9_0/libsrc/ucos_common_v1_42/src"
make -C ps7_cortexa9_0/libsrc/ucos_common_v1_42/src -s include  "SHELL=CMD" "COMPILER=arm-xilinx-eabi-gcc" "ARCHIVER=arm-xilinx-eabi-ar" "COMPILER_FLAGS=  -O2 -c" "EXTRA_COMPILER_FLAGS=-g -mcpu=cortex-a9 -mfpu=vfpv3 -mfloat-abi=hard"
"Running Make include in ps7_cortexa9_0/libsrc/ucos_cpu_cortexa9_v1_42/src"
make -C ps7_cortexa9_0/libsrc/ucos_cpu_cortexa9_v1_42/src -s include  "SHELL=CMD" "COMPILER=arm-xilinx-eabi-gcc" "ARCHIVER=arm-xilinx-eabi-ar" "COMPILER_FLAGS=  -O2 -c" "EXTRA_COMPILER_FLAGS=-g -mcpu=cortex-a9 -mfpu=vfpv3 -mfloat-abi=hard"
"Running Make include in ps7_cortexa9_0/libsrc/ucos_l2cachec_v1_42/src"
make -C ps7_cortexa9_0/libsrc/ucos_l2cachec_v1_42/src -s include  "SHELL=CMD" "COMPILER=arm-xilinx-eabi-gcc" "ARCHIVER=arm-xilinx-eabi-ar" "COMPILER_FLAGS=  -O2 -c" "EXTRA_COMPILER_FLAGS=-g -mcpu=cortex-a9 -mfpu=vfpv3 -mfloat-abi=hard"
"Running Make include in ps7_cortexa9_0/libsrc/ucos_osiii_v1_42/src"
make -C ps7_cortexa9_0/libsrc/ucos_osiii_v1_42/src -s include  "SHELL=CMD" "COMPILER=arm-xilinx-eabi-gcc" "ARCHIVER=arm-xilinx-eabi-ar" "COMPILER_FLAGS=  -O2 -c" "EXTRA_COMPILER_FLAGS=-g -mcpu=cortex-a9 -mfpu=vfpv3 -mfloat-abi=hard"
"Running Make include in ps7_cortexa9_0/libsrc/ucos_scuc_v1_42/src"
make -C ps7_cortexa9_0/libsrc/ucos_scuc_v1_42/src -s include  "SHELL=CMD" "COMPILER=arm-xilinx-eabi-gcc" "ARCHIVER=arm-xilinx-eabi-ar" "COMPILER_FLAGS=  -O2 -c" "EXTRA_COMPILER_FLAGS=-g -mcpu=cortex-a9 -mfpu=vfpv3 -mfloat-abi=hard"
"Running Make include in ps7_cortexa9_0/libsrc/ucos_scugic_v1_42/src"
make -C ps7_cortexa9_0/libsrc/ucos_scugic_v1_42/src -s include  "SHELL=CMD" "COMPILER=arm-xilinx-eabi-gcc" "ARCHIVER=arm-xilinx-eabi-ar" "COMPILER_FLAGS=  -O2 -c" "EXTRA_COMPILER_FLAGS=-g -mcpu=cortex-a9 -mfpu=vfpv3 -mfloat-abi=hard"
"Running Make include in ps7_cortexa9_0/libsrc/ucos_scutimer_v1_42/src"
make -C ps7_cortexa9_0/libsrc/ucos_scutimer_v1_42/src -s include  "SHELL=CMD" "COMPILER=arm-xilinx-eabi-gcc" "ARCHIVER=arm-xilinx-eabi-ar" "COMPILER_FLAGS=  -O2 -c" "EXTRA_COMPILER_FLAGS=-g -mcpu=cortex-a9 -mfpu=vfpv3 -mfloat-abi=hard"
"Running Make include in ps7_cortexa9_0/libsrc/ucos_standalone_v1_42/src"
make -C ps7_cortexa9_0/libsrc/ucos_standalone_v1_42/src -s include  "SHELL=CMD" "COMPILER=arm-xilinx-eabi-gcc" "ARCHIVER=arm-xilinx-eabi-ar" "COMPILER_FLAGS=  -O2 -c" "EXTRA_COMPILER_FLAGS=-g -mcpu=cortex-a9 -mfpu=vfpv3 -mfloat-abi=hard"
"Running Make include in ps7_cortexa9_0/libsrc/ucos_uartps_v1_42/src"
make -C ps7_cortexa9_0/libsrc/ucos_uartps_v1_42/src -s include  "SHELL=CMD" "COMPILER=arm-xilinx-eabi-gcc" "ARCHIVER=arm-xilinx-eabi-ar" "COMPILER_FLAGS=  -O2 -c" "EXTRA_COMPILER_FLAGS=-g -mcpu=cortex-a9 -mfpu=vfpv3 -mfloat-abi=hard"
"Running Make include in ps7_cortexa9_0/libsrc/ucos_v1_42/src"
make -C ps7_cortexa9_0/libsrc/ucos_v1_42/src -s include  "SHELL=CMD" "COMPILER=arm-xilinx-eabi-gcc" "ARCHIVER=arm-xilinx-eabi-ar" "COMPILER_FLAGS=  -O2 -c" "EXTRA_COMPILER_FLAGS=-g -mcpu=cortex-a9 -mfpu=vfpv3 -mfloat-abi=hard"
"Running Make include in ps7_cortexa9_0/libsrc/xadcps_v2_2/src"
make -C ps7_cortexa9_0/libsrc/xadcps_v2_2/src -s include  "SHELL=CMD" "COMPILER=arm-xilinx-eabi-gcc" "ARCHIVER=arm-xilinx-eabi-ar" "COMPILER_FLAGS=  -O2 -c" "EXTRA_COMPILER_FLAGS=-g -mcpu=cortex-a9 -mfpu=vfpv3 -mfloat-abi=hard"
"Running Make libs in ps7_cortexa9_0/libsrc/coresightps_dcc_v1_4/src"
make -C ps7_cortexa9_0/libsrc/coresightps_dcc_v1_4/src -s libs  "SHELL=CMD" "COMPILER=arm-xilinx-eabi-gcc" "ARCHIVER=arm-xilinx-eabi-ar" "COMPILER_FLAGS=  -O2 -c" "EXTRA_COMPILER_FLAGS=-g -mcpu=cortex-a9 -mfpu=vfpv3 -mfloat-abi=hard"
"Compiling coresightps_dcc"
arm-xilinx-eabi-ar: creating ../../../lib/libxil.a
"Running Make libs in ps7_cortexa9_0/libsrc/ddrps_v1_0/src"
make -C ps7_cortexa9_0/libsrc/ddrps_v1_0/src -s libs  "SHELL=CMD" "COMPILER=arm-xilinx-eabi-gcc" "ARCHIVER=arm-xilinx-eabi-ar" "COMPILER_FLAGS=  -O2 -c" "EXTRA_COMPILER_FLAGS=-g -mcpu=cortex-a9 -mfpu=vfpv3 -mfloat-abi=hard"
"Compiling ddrps"
"Running Make libs in ps7_cortexa9_0/libsrc/devcfg_v3_4/src"
make -C ps7_cortexa9_0/libsrc/devcfg_v3_4/src -s libs  "SHELL=CMD" "COMPILER=arm-xilinx-eabi-gcc" "ARCHIVER=arm-xilinx-eabi-ar" "COMPILER_FLAGS=  -O2 -c" "EXTRA_COMPILER_FLAGS=-g -mcpu=cortex-a9 -mfpu=vfpv3 -mfloat-abi=hard"
"Compiling devcfg"
"Running Make libs in ps7_cortexa9_0/libsrc/dmaps_v2_3/src"
make -C ps7_cortexa9_0/libsrc/dmaps_v2_3/src -s libs  "SHELL=CMD" "COMPILER=arm-xilinx-eabi-gcc" "ARCHIVER=arm-xilinx-eabi-ar" "COMPILER_FLAGS=  -O2 -c" "EXTRA_COMPILER_FLAGS=-g -mcpu=cortex-a9 -mfpu=vfpv3 -mfloat-abi=hard"
"Compiling dmaps"
"Running Make libs in ps7_cortexa9_0/libsrc/scuwdt_v2_1/src"
make -C ps7_cortexa9_0/libsrc/scuwdt_v2_1/src -s libs  "SHELL=CMD" "COMPILER=arm-xilinx-eabi-gcc" "ARCHIVER=arm-xilinx-eabi-ar" "COMPILER_FLAGS=  -O2 -c" "EXTRA_COMPILER_FLAGS=-g -mcpu=cortex-a9 -mfpu=vfpv3 -mfloat-abi=hard"
"Compiling scuwdt"
"Running Make libs in ps7_cortexa9_0/libsrc/tmrctr_v4_3/src"
make -C ps7_cortexa9_0/libsrc/tmrctr_v4_3/src -s libs  "SHELL=CMD" "COMPILER=arm-xilinx-eabi-gcc" "ARCHIVER=arm-xilinx-eabi-ar" "COMPILER_FLAGS=  -O2 -c" "EXTRA_COMPILER_FLAGS=-g -mcpu=cortex-a9 -mfpu=vfpv3 -mfloat-abi=hard"
"Compiling tmrctr"
"Running Make libs in ps7_cortexa9_0/libsrc/ucos_axitimer_v1_42/src"
make -C ps7_cortexa9_0/libsrc/ucos_axitimer_v1_42/src -s libs  "SHELL=CMD" "COMPILER=arm-xilinx-eabi-gcc" "ARCHIVER=arm-xilinx-eabi-ar" "COMPILER_FLAGS=  -O2 -c" "EXTRA_COMPILER_FLAGS=-g -mcpu=cortex-a9 -mfpu=vfpv3 -mfloat-abi=hard"
"Compiling ucos_axitimer"
arm-xilinx-eabi-ar: creating ../../../lib/libucos.a
"Running Make libs in ps7_cortexa9_0/libsrc/ucos_common_v1_42/src"
make -C ps7_cortexa9_0/libsrc/ucos_common_v1_42/src -s libs  "SHELL=CMD" "COMPILER=arm-xilinx-eabi-gcc" "ARCHIVER=arm-xilinx-eabi-ar" "COMPILER_FLAGS=  -O2 -c" "EXTRA_COMPILER_FLAGS=-g -mcpu=cortex-a9 -mfpu=vfpv3 -mfloat-abi=hard"
"Compiling uC/OS Common Components"
"Running Make libs in ps7_cortexa9_0/libsrc/ucos_cpu_cortexa9_v1_42/src"
make -C ps7_cortexa9_0/libsrc/ucos_cpu_cortexa9_v1_42/src -s libs  "SHELL=CMD" "COMPILER=arm-xilinx-eabi-gcc" "ARCHIVER=arm-xilinx-eabi-ar" "COMPILER_FLAGS=  -O2 -c" "EXTRA_COMPILER_FLAGS=-g -mcpu=cortex-a9 -mfpu=vfpv3 -mfloat-abi=hard"
"Compiling ucos_cpu_cortexa9"
"Running Make libs in ps7_cortexa9_0/libsrc/ucos_l2cachec_v1_42/src"
make -C ps7_cortexa9_0/libsrc/ucos_l2cachec_v1_42/src -s libs  "SHELL=CMD" "COMPILER=arm-xilinx-eabi-gcc" "ARCHIVER=arm-xilinx-eabi-ar" "COMPILER_FLAGS=  -O2 -c" "EXTRA_COMPILER_FLAGS=-g -mcpu=cortex-a9 -mfpu=vfpv3 -mfloat-abi=hard"
"Compiling ucos_scuc"
"Running Make libs in ps7_cortexa9_0/libsrc/ucos_osiii_v1_42/src"
make -C ps7_cortexa9_0/libsrc/ucos_osiii_v1_42/src -s libs  "SHELL=CMD" "COMPILER=arm-xilinx-eabi-gcc" "ARCHIVER=arm-xilinx-eabi-ar" "COMPILER_FLAGS=  -O2 -c" "EXTRA_COMPILER_FLAGS=-g -mcpu=cortex-a9 -mfpu=vfpv3 -mfloat-abi=hard"
"Compiling uC/OS-III"
"Running Make libs in ps7_cortexa9_0/libsrc/ucos_scuc_v1_42/src"
make -C ps7_cortexa9_0/libsrc/ucos_scuc_v1_42/src -s libs  "SHELL=CMD" "COMPILER=arm-xilinx-eabi-gcc" "ARCHIVER=arm-xilinx-eabi-ar" "COMPILER_FLAGS=  -O2 -c" "EXTRA_COMPILER_FLAGS=-g -mcpu=cortex-a9 -mfpu=vfpv3 -mfloat-abi=hard"
"Compiling ucos_l2cachec"
"Running Make libs in ps7_cortexa9_0/libsrc/ucos_scugic_v1_42/src"
make -C ps7_cortexa9_0/libsrc/ucos_scugic_v1_42/src -s libs  "SHELL=CMD" "COMPILER=arm-xilinx-eabi-gcc" "ARCHIVER=arm-xilinx-eabi-ar" "COMPILER_FLAGS=  -O2 -c" "EXTRA_COMPILER_FLAGS=-g -mcpu=cortex-a9 -mfpu=vfpv3 -mfloat-abi=hard"
"Compiling scugic"
"Running Make libs in ps7_cortexa9_0/libsrc/ucos_scutimer_v1_42/src"
make -C ps7_cortexa9_0/libsrc/ucos_scutimer_v1_42/src -s libs  "SHELL=CMD" "COMPILER=arm-xilinx-eabi-gcc" "ARCHIVER=arm-xilinx-eabi-ar" "COMPILER_FLAGS=  -O2 -c" "EXTRA_COMPILER_FLAGS=-g -mcpu=cortex-a9 -mfpu=vfpv3 -mfloat-abi=hard"
"Compiling scutimer"
"Running Make libs in ps7_cortexa9_0/libsrc/ucos_standalone_v1_42/src"
make -C ps7_cortexa9_0/libsrc/ucos_standalone_v1_42/src -s libs  "SHELL=CMD" "COMPILER=arm-xilinx-eabi-gcc" "ARCHIVER=arm-xilinx-eabi-ar" "COMPILER_FLAGS=  -O2 -c" "EXTRA_COMPILER_FLAGS=-g -mcpu=cortex-a9 -mfpu=vfpv3 -mfloat-abi=hard"
"Compiling standalone"
"Running Make libs in ps7_cortexa9_0/libsrc/ucos_uartps_v1_42/src"
make -C ps7_cortexa9_0/libsrc/ucos_uartps_v1_42/src -s libs  "SHELL=CMD" "COMPILER=arm-xilinx-eabi-gcc" "ARCHIVER=arm-xilinx-eabi-ar" "COMPILER_FLAGS=  -O2 -c" "EXTRA_COMPILER_FLAGS=-g -mcpu=cortex-a9 -mfpu=vfpv3 -mfloat-abi=hard"
"Compiling ucos_emacps"
"Running Make libs in ps7_cortexa9_0/libsrc/ucos_v1_42/src"
make -C ps7_cortexa9_0/libsrc/ucos_v1_42/src -s libs  "SHELL=CMD" "COMPILER=arm-xilinx-eabi-gcc" "ARCHIVER=arm-xilinx-eabi-ar" "COMPILER_FLAGS=  -O2 -c" "EXTRA_COMPILER_FLAGS=-g -mcpu=cortex-a9 -mfpu=vfpv3 -mfloat-abi=hard"
"Compiling uC/OS"
"Running Make libs in ps7_cortexa9_0/libsrc/xadcps_v2_2/src"
make -C ps7_cortexa9_0/libsrc/xadcps_v2_2/src -s libs  "SHELL=CMD" "COMPILER=arm-xilinx-eabi-gcc" "ARCHIVER=arm-xilinx-eabi-ar" "COMPILER_FLAGS=  -O2 -c" "EXTRA_COMPILER_FLAGS=-g -mcpu=cortex-a9 -mfpu=vfpv3 -mfloat-abi=hard"
"Compiling xadcps"
'Finished building libraries'
17:03:56 **** Auto Build of configuration Debug for project tutu ****
make pre-build main-build 
a9-linaro-pre-build-step
' '
'Building file: ../src/app.c'
'Invoking: ARM v7 gcc compiler'
arm-none-eabi-gcc -Wall -O0 -g3 -c -fmessage-length=0 -MT"src/app.o" -mcpu=cortex-a9 -mfpu=vfpv3 -mfloat-abi=hard -I../../tutu_bsp/ps7_cortexa9_0/include -MMD -MP -MF"src/app.d" -MT"src/app.o" -o "src/app.o" "../src/app.c"
'Finished building: ../src/app.c'
' '
'Building target: tutu.elf'
'Invoking: ARM v7 gcc linker'
arm-none-eabi-gcc -mcpu=cortex-a9 -mfpu=vfpv3 -mfloat-abi=hard -Wl,-build-id=none -specs=Xilinx.spec -Wl,-T -Wl,../src/lscript.ld -L../../tutu_bsp/ps7_cortexa9_0/lib -o "tutu.elf"  ./src/app.o   -Wl,--start-group,-lucos,-lgcc,-lc,--end-group -Wl,--start-group,-lxil,-lucos,-lgcc,-lc,--end-group
'Finished building target: tutu.elf'
' '
'Invoking: ARM v7 Print Size'
arm-none-eabi-size tutu.elf  |tee "tutu.elf.size"
   text	   data	    bss	    dec	    hex	filename
  60596	     40	  34576	  95212	  173ec	tutu.elf
'Finished building: tutu.elf.size'
' '
17:04:52 **** Incremental Build of configuration Debug for project tutu ****
make pre-build main-build 
a9-linaro-pre-build-step
' '
make: Nothing to be done for `main-build'.
17:12:02 **** Incremental Build of configuration Debug for project tutu ****
make pre-build main-build 
a9-linaro-pre-build-step
' '
make: Nothing to be done for `main-build'.
17:12:24 **** Incremental Build of configuration Debug for project tutu ****
make pre-build main-build 
a9-linaro-pre-build-step
' '
make: Nothing to be done for `main-build'.
17:13:23 **** Incremental Build of configuration Debug for project tutu ****
make pre-build main-build 
a9-linaro-pre-build-step
' '
make: Nothing to be done for `main-build'.
16:10:21 **** Build of project tutu_bsp ****
make -k all 
"Running Make include in ps7_cortexa9_0/libsrc/coresightps_dcc_v1_4/src"
make -C ps7_cortexa9_0/libsrc/coresightps_dcc_v1_4/src -s include  "SHELL=CMD" "COMPILER=arm-xilinx-eabi-gcc" "ARCHIVER=arm-xilinx-eabi-ar" "COMPILER_FLAGS=  -O2 -c" "EXTRA_COMPILER_FLAGS=-g -mcpu=cortex-a9 -mfpu=vfpv3 -mfloat-abi=hard"
"Running Make include in ps7_cortexa9_0/libsrc/ddrps_v1_0/src"
make -C ps7_cortexa9_0/libsrc/ddrps_v1_0/src -s include  "SHELL=CMD" "COMPILER=arm-xilinx-eabi-gcc" "ARCHIVER=arm-xilinx-eabi-ar" "COMPILER_FLAGS=  -O2 -c" "EXTRA_COMPILER_FLAGS=-g -mcpu=cortex-a9 -mfpu=vfpv3 -mfloat-abi=hard"
"Running Make include in ps7_cortexa9_0/libsrc/devcfg_v3_4/src"
make -C ps7_cortexa9_0/libsrc/devcfg_v3_4/src -s include  "SHELL=CMD" "COMPILER=arm-xilinx-eabi-gcc" "ARCHIVER=arm-xilinx-eabi-ar" "COMPILER_FLAGS=  -O2 -c" "EXTRA_COMPILER_FLAGS=-g -mcpu=cortex-a9 -mfpu=vfpv3 -mfloat-abi=hard"
"Running Make include in ps7_cortexa9_0/libsrc/dmaps_v2_3/src"
make -C ps7_cortexa9_0/libsrc/dmaps_v2_3/src -s include  "SHELL=CMD" "COMPILER=arm-xilinx-eabi-gcc" "ARCHIVER=arm-xilinx-eabi-ar" "COMPILER_FLAGS=  -O2 -c" "EXTRA_COMPILER_FLAGS=-g -mcpu=cortex-a9 -mfpu=vfpv3 -mfloat-abi=hard"
"Running Make include in ps7_cortexa9_0/libsrc/scuwdt_v2_1/src"
make -C ps7_cortexa9_0/libsrc/scuwdt_v2_1/src -s include  "SHELL=CMD" "COMPILER=arm-xilinx-eabi-gcc" "ARCHIVER=arm-xilinx-eabi-ar" "COMPILER_FLAGS=  -O2 -c" "EXTRA_COMPILER_FLAGS=-g -mcpu=cortex-a9 -mfpu=vfpv3 -mfloat-abi=hard"
"Running Make include in ps7_cortexa9_0/libsrc/tmrctr_v4_3/src"
make -C ps7_cortexa9_0/libsrc/tmrctr_v4_3/src -s include  "SHELL=CMD" "COMPILER=arm-xilinx-eabi-gcc" "ARCHIVER=arm-xilinx-eabi-ar" "COMPILER_FLAGS=  -O2 -c" "EXTRA_COMPILER_FLAGS=-g -mcpu=cortex-a9 -mfpu=vfpv3 -mfloat-abi=hard"
"Running Make include in ps7_cortexa9_0/libsrc/ucos_axitimer_v1_42/src"
make -C ps7_cortexa9_0/libsrc/ucos_axitimer_v1_42/src -s include  "SHELL=CMD" "COMPILER=arm-xilinx-eabi-gcc" "ARCHIVER=arm-xilinx-eabi-ar" "COMPILER_FLAGS=  -O2 -c" "EXTRA_COMPILER_FLAGS=-g -mcpu=cortex-a9 -mfpu=vfpv3 -mfloat-abi=hard"
"Running Make include in ps7_cortexa9_0/libsrc/ucos_common_v1_42/src"
make -C ps7_cortexa9_0/libsrc/ucos_common_v1_42/src -s include  "SHELL=CMD" "COMPILER=arm-xilinx-eabi-gcc" "ARCHIVER=arm-xilinx-eabi-ar" "COMPILER_FLAGS=  -O2 -c" "EXTRA_COMPILER_FLAGS=-g -mcpu=cortex-a9 -mfpu=vfpv3 -mfloat-abi=hard"
"Running Make include in ps7_cortexa9_0/libsrc/ucos_cpu_cortexa9_v1_42/src"
make -C ps7_cortexa9_0/libsrc/ucos_cpu_cortexa9_v1_42/src -s include  "SHELL=CMD" "COMPILER=arm-xilinx-eabi-gcc" "ARCHIVER=arm-xilinx-eabi-ar" "COMPILER_FLAGS=  -O2 -c" "EXTRA_COMPILER_FLAGS=-g -mcpu=cortex-a9 -mfpu=vfpv3 -mfloat-abi=hard"
"Running Make include in ps7_cortexa9_0/libsrc/ucos_l2cachec_v1_42/src"
make -C ps7_cortexa9_0/libsrc/ucos_l2cachec_v1_42/src -s include  "SHELL=CMD" "COMPILER=arm-xilinx-eabi-gcc" "ARCHIVER=arm-xilinx-eabi-ar" "COMPILER_FLAGS=  -O2 -c" "EXTRA_COMPILER_FLAGS=-g -mcpu=cortex-a9 -mfpu=vfpv3 -mfloat-abi=hard"
"Running Make include in ps7_cortexa9_0/libsrc/ucos_osiii_v1_42/src"
make -C ps7_cortexa9_0/libsrc/ucos_osiii_v1_42/src -s include  "SHELL=CMD" "COMPILER=arm-xilinx-eabi-gcc" "ARCHIVER=arm-xilinx-eabi-ar" "COMPILER_FLAGS=  -O2 -c" "EXTRA_COMPILER_FLAGS=-g -mcpu=cortex-a9 -mfpu=vfpv3 -mfloat-abi=hard"
"Running Make include in ps7_cortexa9_0/libsrc/ucos_scuc_v1_42/src"
make -C ps7_cortexa9_0/libsrc/ucos_scuc_v1_42/src -s include  "SHELL=CMD" "COMPILER=arm-xilinx-eabi-gcc" "ARCHIVER=arm-xilinx-eabi-ar" "COMPILER_FLAGS=  -O2 -c" "EXTRA_COMPILER_FLAGS=-g -mcpu=cortex-a9 -mfpu=vfpv3 -mfloat-abi=hard"
"Running Make include in ps7_cortexa9_0/libsrc/ucos_scugic_v1_42/src"
make -C ps7_cortexa9_0/libsrc/ucos_scugic_v1_42/src -s include  "SHELL=CMD" "COMPILER=arm-xilinx-eabi-gcc" "ARCHIVER=arm-xilinx-eabi-ar" "COMPILER_FLAGS=  -O2 -c" "EXTRA_COMPILER_FLAGS=-g -mcpu=cortex-a9 -mfpu=vfpv3 -mfloat-abi=hard"
"Running Make include in ps7_cortexa9_0/libsrc/ucos_scutimer_v1_42/src"
make -C ps7_cortexa9_0/libsrc/ucos_scutimer_v1_42/src -s include  "SHELL=CMD" "COMPILER=arm-xilinx-eabi-gcc" "ARCHIVER=arm-xilinx-eabi-ar" "COMPILER_FLAGS=  -O2 -c" "EXTRA_COMPILER_FLAGS=-g -mcpu=cortex-a9 -mfpu=vfpv3 -mfloat-abi=hard"
"Running Make include in ps7_cortexa9_0/libsrc/ucos_standalone_v1_42/src"
make -C ps7_cortexa9_0/libsrc/ucos_standalone_v1_42/src -s include  "SHELL=CMD" "COMPILER=arm-xilinx-eabi-gcc" "ARCHIVER=arm-xilinx-eabi-ar" "COMPILER_FLAGS=  -O2 -c" "EXTRA_COMPILER_FLAGS=-g -mcpu=cortex-a9 -mfpu=vfpv3 -mfloat-abi=hard"
"Running Make include in ps7_cortexa9_0/libsrc/ucos_uartps_v1_42/src"
make -C ps7_cortexa9_0/libsrc/ucos_uartps_v1_42/src -s include  "SHELL=CMD" "COMPILER=arm-xilinx-eabi-gcc" "ARCHIVER=arm-xilinx-eabi-ar" "COMPILER_FLAGS=  -O2 -c" "EXTRA_COMPILER_FLAGS=-g -mcpu=cortex-a9 -mfpu=vfpv3 -mfloat-abi=hard"
"Running Make include in ps7_cortexa9_0/libsrc/ucos_v1_42/src"
make -C ps7_cortexa9_0/libsrc/ucos_v1_42/src -s include  "SHELL=CMD" "COMPILER=arm-xilinx-eabi-gcc" "ARCHIVER=arm-xilinx-eabi-ar" "COMPILER_FLAGS=  -O2 -c" "EXTRA_COMPILER_FLAGS=-g -mcpu=cortex-a9 -mfpu=vfpv3 -mfloat-abi=hard"
"Running Make include in ps7_cortexa9_0/libsrc/xadcps_v2_2/src"
make -C ps7_cortexa9_0/libsrc/xadcps_v2_2/src -s include  "SHELL=CMD" "COMPILER=arm-xilinx-eabi-gcc" "ARCHIVER=arm-xilinx-eabi-ar" "COMPILER_FLAGS=  -O2 -c" "EXTRA_COMPILER_FLAGS=-g -mcpu=cortex-a9 -mfpu=vfpv3 -mfloat-abi=hard"
"Running Make libs in ps7_cortexa9_0/libsrc/coresightps_dcc_v1_4/src"
make -C ps7_cortexa9_0/libsrc/coresightps_dcc_v1_4/src -s libs  "SHELL=CMD" "COMPILER=arm-xilinx-eabi-gcc" "ARCHIVER=arm-xilinx-eabi-ar" "COMPILER_FLAGS=  -O2 -c" "EXTRA_COMPILER_FLAGS=-g -mcpu=cortex-a9 -mfpu=vfpv3 -mfloat-abi=hard"
"Compiling coresightps_dcc"
"Running Make libs in ps7_cortexa9_0/libsrc/ddrps_v1_0/src"
make -C ps7_cortexa9_0/libsrc/ddrps_v1_0/src -s libs  "SHELL=CMD" "COMPILER=arm-xilinx-eabi-gcc" "ARCHIVER=arm-xilinx-eabi-ar" "COMPILER_FLAGS=  -O2 -c" "EXTRA_COMPILER_FLAGS=-g -mcpu=cortex-a9 -mfpu=vfpv3 -mfloat-abi=hard"
"Compiling ddrps"
"Running Make libs in ps7_cortexa9_0/libsrc/devcfg_v3_4/src"
make -C ps7_cortexa9_0/libsrc/devcfg_v3_4/src -s libs  "SHELL=CMD" "COMPILER=arm-xilinx-eabi-gcc" "ARCHIVER=arm-xilinx-eabi-ar" "COMPILER_FLAGS=  -O2 -c" "EXTRA_COMPILER_FLAGS=-g -mcpu=cortex-a9 -mfpu=vfpv3 -mfloat-abi=hard"
"Compiling devcfg"
"Running Make libs in ps7_cortexa9_0/libsrc/dmaps_v2_3/src"
make -C ps7_cortexa9_0/libsrc/dmaps_v2_3/src -s libs  "SHELL=CMD" "COMPILER=arm-xilinx-eabi-gcc" "ARCHIVER=arm-xilinx-eabi-ar" "COMPILER_FLAGS=  -O2 -c" "EXTRA_COMPILER_FLAGS=-g -mcpu=cortex-a9 -mfpu=vfpv3 -mfloat-abi=hard"
"Compiling dmaps"
"Running Make libs in ps7_cortexa9_0/libsrc/scuwdt_v2_1/src"
make -C ps7_cortexa9_0/libsrc/scuwdt_v2_1/src -s libs  "SHELL=CMD" "COMPILER=arm-xilinx-eabi-gcc" "ARCHIVER=arm-xilinx-eabi-ar" "COMPILER_FLAGS=  -O2 -c" "EXTRA_COMPILER_FLAGS=-g -mcpu=cortex-a9 -mfpu=vfpv3 -mfloat-abi=hard"
"Compiling scuwdt"
"Running Make libs in ps7_cortexa9_0/libsrc/tmrctr_v4_3/src"
make -C ps7_cortexa9_0/libsrc/tmrctr_v4_3/src -s libs  "SHELL=CMD" "COMPILER=arm-xilinx-eabi-gcc" "ARCHIVER=arm-xilinx-eabi-ar" "COMPILER_FLAGS=  -O2 -c" "EXTRA_COMPILER_FLAGS=-g -mcpu=cortex-a9 -mfpu=vfpv3 -mfloat-abi=hard"
"Compiling tmrctr"
"Running Make libs in ps7_cortexa9_0/libsrc/ucos_axitimer_v1_42/src"
make -C ps7_cortexa9_0/libsrc/ucos_axitimer_v1_42/src -s libs  "SHELL=CMD" "COMPILER=arm-xilinx-eabi-gcc" "ARCHIVER=arm-xilinx-eabi-ar" "COMPILER_FLAGS=  -O2 -c" "EXTRA_COMPILER_FLAGS=-g -mcpu=cortex-a9 -mfpu=vfpv3 -mfloat-abi=hard"
"Compiling ucos_axitimer"
"Running Make libs in ps7_cortexa9_0/libsrc/ucos_common_v1_42/src"
make -C ps7_cortexa9_0/libsrc/ucos_common_v1_42/src -s libs  "SHELL=CMD" "COMPILER=arm-xilinx-eabi-gcc" "ARCHIVER=arm-xilinx-eabi-ar" "COMPILER_FLAGS=  -O2 -c" "EXTRA_COMPILER_FLAGS=-g -mcpu=cortex-a9 -mfpu=vfpv3 -mfloat-abi=hard"
"Compiling uC/OS Common Components"
"Running Make libs in ps7_cortexa9_0/libsrc/ucos_cpu_cortexa9_v1_42/src"
make -C ps7_cortexa9_0/libsrc/ucos_cpu_cortexa9_v1_42/src -s libs  "SHELL=CMD" "COMPILER=arm-xilinx-eabi-gcc" "ARCHIVER=arm-xilinx-eabi-ar" "COMPILER_FLAGS=  -O2 -c" "EXTRA_COMPILER_FLAGS=-g -mcpu=cortex-a9 -mfpu=vfpv3 -mfloat-abi=hard"
"Compiling ucos_cpu_cortexa9"
"Running Make libs in ps7_cortexa9_0/libsrc/ucos_l2cachec_v1_42/src"
make -C ps7_cortexa9_0/libsrc/ucos_l2cachec_v1_42/src -s libs  "SHELL=CMD" "COMPILER=arm-xilinx-eabi-gcc" "ARCHIVER=arm-xilinx-eabi-ar" "COMPILER_FLAGS=  -O2 -c" "EXTRA_COMPILER_FLAGS=-g -mcpu=cortex-a9 -mfpu=vfpv3 -mfloat-abi=hard"
"Compiling ucos_scuc"
"Running Make libs in ps7_cortexa9_0/libsrc/ucos_osiii_v1_42/src"
make -C ps7_cortexa9_0/libsrc/ucos_osiii_v1_42/src -s libs  "SHELL=CMD" "COMPILER=arm-xilinx-eabi-gcc" "ARCHIVER=arm-xilinx-eabi-ar" "COMPILER_FLAGS=  -O2 -c" "EXTRA_COMPILER_FLAGS=-g -mcpu=cortex-a9 -mfpu=vfpv3 -mfloat-abi=hard"
"Compiling uC/OS-III"
"Running Make libs in ps7_cortexa9_0/libsrc/ucos_scuc_v1_42/src"
make -C ps7_cortexa9_0/libsrc/ucos_scuc_v1_42/src -s libs  "SHELL=CMD" "COMPILER=arm-xilinx-eabi-gcc" "ARCHIVER=arm-xilinx-eabi-ar" "COMPILER_FLAGS=  -O2 -c" "EXTRA_COMPILER_FLAGS=-g -mcpu=cortex-a9 -mfpu=vfpv3 -mfloat-abi=hard"
"Compiling ucos_l2cachec"
"Running Make libs in ps7_cortexa9_0/libsrc/ucos_scugic_v1_42/src"
make -C ps7_cortexa9_0/libsrc/ucos_scugic_v1_42/src -s libs  "SHELL=CMD" "COMPILER=arm-xilinx-eabi-gcc" "ARCHIVER=arm-xilinx-eabi-ar" "COMPILER_FLAGS=  -O2 -c" "EXTRA_COMPILER_FLAGS=-g -mcpu=cortex-a9 -mfpu=vfpv3 -mfloat-abi=hard"
"Compiling scugic"
"Running Make libs in ps7_cortexa9_0/libsrc/ucos_scutimer_v1_42/src"
make -C ps7_cortexa9_0/libsrc/ucos_scutimer_v1_42/src -s libs  "SHELL=CMD" "COMPILER=arm-xilinx-eabi-gcc" "ARCHIVER=arm-xilinx-eabi-ar" "COMPILER_FLAGS=  -O2 -c" "EXTRA_COMPILER_FLAGS=-g -mcpu=cortex-a9 -mfpu=vfpv3 -mfloat-abi=hard"
"Compiling scutimer"
"Running Make libs in ps7_cortexa9_0/libsrc/ucos_standalone_v1_42/src"
make -C ps7_cortexa9_0/libsrc/ucos_standalone_v1_42/src -s libs  "SHELL=CMD" "COMPILER=arm-xilinx-eabi-gcc" "ARCHIVER=arm-xilinx-eabi-ar" "COMPILER_FLAGS=  -O2 -c" "EXTRA_COMPILER_FLAGS=-g -mcpu=cortex-a9 -mfpu=vfpv3 -mfloat-abi=hard"
"Compiling standalone"
"Running Make libs in ps7_cortexa9_0/libsrc/ucos_uartps_v1_42/src"
make -C ps7_cortexa9_0/libsrc/ucos_uartps_v1_42/src -s libs  "SHELL=CMD" "COMPILER=arm-xilinx-eabi-gcc" "ARCHIVER=arm-xilinx-eabi-ar" "COMPILER_FLAGS=  -O2 -c" "EXTRA_COMPILER_FLAGS=-g -mcpu=cortex-a9 -mfpu=vfpv3 -mfloat-abi=hard"
"Compiling ucos_emacps"
"Running Make libs in ps7_cortexa9_0/libsrc/ucos_v1_42/src"
make -C ps7_cortexa9_0/libsrc/ucos_v1_42/src -s libs  "SHELL=CMD" "COMPILER=arm-xilinx-eabi-gcc" "ARCHIVER=arm-xilinx-eabi-ar" "COMPILER_FLAGS=  -O2 -c" "EXTRA_COMPILER_FLAGS=-g -mcpu=cortex-a9 -mfpu=vfpv3 -mfloat-abi=hard"
"Compiling uC/OS"
"Running Make libs in ps7_cortexa9_0/libsrc/xadcps_v2_2/src"
make -C ps7_cortexa9_0/libsrc/xadcps_v2_2/src -s libs  "SHELL=CMD" "COMPILER=arm-xilinx-eabi-gcc" "ARCHIVER=arm-xilinx-eabi-ar" "COMPILER_FLAGS=  -O2 -c" "EXTRA_COMPILER_FLAGS=-g -mcpu=cortex-a9 -mfpu=vfpv3 -mfloat-abi=hard"
"Compiling xadcps"
'Finished building libraries'
16:11:13 **** Build of configuration Debug for project tutu ****
make pre-build main-build 
a9-linaro-pre-build-step
' '
'Building file: ../src/app.c'
'Invoking: ARM v7 gcc compiler'
arm-none-eabi-gcc -Wall -O0 -g3 -c -fmessage-length=0 -MT"src/app.o" -mcpu=cortex-a9 -mfpu=vfpv3 -mfloat-abi=hard -I../../tutu_bsp/ps7_cortexa9_0/include -MMD -MP -MF"src/app.d" -MT"src/app.o" -o "src/app.o" "../src/app.c"
'Finished building: ../src/app.c'
' '
'Building target: tutu.elf'
'Invoking: ARM v7 gcc linker'
arm-none-eabi-gcc -mcpu=cortex-a9 -mfpu=vfpv3 -mfloat-abi=hard -Wl,-build-id=none -specs=Xilinx.spec -Wl,-T -Wl,../src/lscript.ld -L../../tutu_bsp/ps7_cortexa9_0/lib -o "tutu.elf"  ./src/app.o   -Wl,--start-group,-lucos,-lgcc,-lc,--end-group -Wl,--start-group,-lxil,-lucos,-lgcc,-lc,--end-group
'Finished building target: tutu.elf'
' '
'Invoking: ARM v7 Print Size'
arm-none-eabi-size tutu.elf  |tee "tutu.elf.size"
   text	   data	    bss	    dec	    hex	filename
  60596	     40	  34576	  95212	  173ec	tutu.elf
'Finished building: tutu.elf.size'
' '
16:16:47 **** Incremental Build of configuration Debug for project tutu ****
make pre-build main-build 
a9-linaro-pre-build-step
' '
make: Nothing to be done for `main-build'.
16:36:13 **** Auto Build of configuration Debug for project tutu ****
make pre-build main-build 
a9-linaro-pre-build-step
' '
make: Nothing to be done for `main-build'.
16:37:10 **** Clean-only build of project tutu_bsp ****
make -k clean 
make -C ps7_cortexa9_0/libsrc/coresightps_dcc_v1_4/src -s clean 
make -C ps7_cortexa9_0/libsrc/ddrps_v1_0/src -s clean 
make -C ps7_cortexa9_0/libsrc/devcfg_v3_4/src -s clean 
make -C ps7_cortexa9_0/libsrc/dmaps_v2_3/src -s clean 
make -C ps7_cortexa9_0/libsrc/scuwdt_v2_1/src -s clean 
make -C ps7_cortexa9_0/libsrc/tmrctr_v4_3/src -s clean 
make -C ps7_cortexa9_0/libsrc/ucos_axitimer_v1_42/src -s clean 
make -C ps7_cortexa9_0/libsrc/ucos_common_v1_42/src -s clean 
make -C ps7_cortexa9_0/libsrc/ucos_cpu_cortexa9_v1_42/src -s clean 
make -C ps7_cortexa9_0/libsrc/ucos_l2cachec_v1_42/src -s clean 
make -C ps7_cortexa9_0/libsrc/ucos_osiii_v1_42/src -s clean 
make -C ps7_cortexa9_0/libsrc/ucos_scuc_v1_42/src -s clean 
make -C ps7_cortexa9_0/libsrc/ucos_scugic_v1_42/src -s clean 
make -C ps7_cortexa9_0/libsrc/ucos_scutimer_v1_42/src -s clean 
make -C ps7_cortexa9_0/libsrc/ucos_standalone_v1_42/src -s clean 
make -C ps7_cortexa9_0/libsrc/ucos_uartps_v1_42/src -s clean 
make -C ps7_cortexa9_0/libsrc/ucos_v1_42/src -s clean 
make -C ps7_cortexa9_0/libsrc/xadcps_v2_2/src -s clean 
rm -f ps7_cortexa9_0/lib/libxil.a
16:37:15 **** Build of project tutu_bsp ****
make -k all 
"Running Make include in ps7_cortexa9_0/libsrc/coresightps_dcc_v1_4/src"
make -C ps7_cortexa9_0/libsrc/coresightps_dcc_v1_4/src -s include  "SHELL=CMD" "COMPILER=arm-xilinx-eabi-gcc" "ARCHIVER=arm-xilinx-eabi-ar" "COMPILER_FLAGS=  -O2 -c" "EXTRA_COMPILER_FLAGS=-g -mcpu=cortex-a9 -mfpu=vfpv3 -mfloat-abi=hard"
"Running Make include in ps7_cortexa9_0/libsrc/ddrps_v1_0/src"
make -C ps7_cortexa9_0/libsrc/ddrps_v1_0/src -s include  "SHELL=CMD" "COMPILER=arm-xilinx-eabi-gcc" "ARCHIVER=arm-xilinx-eabi-ar" "COMPILER_FLAGS=  -O2 -c" "EXTRA_COMPILER_FLAGS=-g -mcpu=cortex-a9 -mfpu=vfpv3 -mfloat-abi=hard"
"Running Make include in ps7_cortexa9_0/libsrc/devcfg_v3_4/src"
make -C ps7_cortexa9_0/libsrc/devcfg_v3_4/src -s include  "SHELL=CMD" "COMPILER=arm-xilinx-eabi-gcc" "ARCHIVER=arm-xilinx-eabi-ar" "COMPILER_FLAGS=  -O2 -c" "EXTRA_COMPILER_FLAGS=-g -mcpu=cortex-a9 -mfpu=vfpv3 -mfloat-abi=hard"
"Running Make include in ps7_cortexa9_0/libsrc/dmaps_v2_3/src"
make -C ps7_cortexa9_0/libsrc/dmaps_v2_3/src -s include  "SHELL=CMD" "COMPILER=arm-xilinx-eabi-gcc" "ARCHIVER=arm-xilinx-eabi-ar" "COMPILER_FLAGS=  -O2 -c" "EXTRA_COMPILER_FLAGS=-g -mcpu=cortex-a9 -mfpu=vfpv3 -mfloat-abi=hard"
"Running Make include in ps7_cortexa9_0/libsrc/scuwdt_v2_1/src"
make -C ps7_cortexa9_0/libsrc/scuwdt_v2_1/src -s include  "SHELL=CMD" "COMPILER=arm-xilinx-eabi-gcc" "ARCHIVER=arm-xilinx-eabi-ar" "COMPILER_FLAGS=  -O2 -c" "EXTRA_COMPILER_FLAGS=-g -mcpu=cortex-a9 -mfpu=vfpv3 -mfloat-abi=hard"
"Running Make include in ps7_cortexa9_0/libsrc/tmrctr_v4_3/src"
make -C ps7_cortexa9_0/libsrc/tmrctr_v4_3/src -s include  "SHELL=CMD" "COMPILER=arm-xilinx-eabi-gcc" "ARCHIVER=arm-xilinx-eabi-ar" "COMPILER_FLAGS=  -O2 -c" "EXTRA_COMPILER_FLAGS=-g -mcpu=cortex-a9 -mfpu=vfpv3 -mfloat-abi=hard"
"Running Make include in ps7_cortexa9_0/libsrc/ucos_axitimer_v1_42/src"
make -C ps7_cortexa9_0/libsrc/ucos_axitimer_v1_42/src -s include  "SHELL=CMD" "COMPILER=arm-xilinx-eabi-gcc" "ARCHIVER=arm-xilinx-eabi-ar" "COMPILER_FLAGS=  -O2 -c" "EXTRA_COMPILER_FLAGS=-g -mcpu=cortex-a9 -mfpu=vfpv3 -mfloat-abi=hard"
"Running Make include in ps7_cortexa9_0/libsrc/ucos_common_v1_42/src"
make -C ps7_cortexa9_0/libsrc/ucos_common_v1_42/src -s include  "SHELL=CMD" "COMPILER=arm-xilinx-eabi-gcc" "ARCHIVER=arm-xilinx-eabi-ar" "COMPILER_FLAGS=  -O2 -c" "EXTRA_COMPILER_FLAGS=-g -mcpu=cortex-a9 -mfpu=vfpv3 -mfloat-abi=hard"
"Running Make include in ps7_cortexa9_0/libsrc/ucos_cpu_cortexa9_v1_42/src"
make -C ps7_cortexa9_0/libsrc/ucos_cpu_cortexa9_v1_42/src -s include  "SHELL=CMD" "COMPILER=arm-xilinx-eabi-gcc" "ARCHIVER=arm-xilinx-eabi-ar" "COMPILER_FLAGS=  -O2 -c" "EXTRA_COMPILER_FLAGS=-g -mcpu=cortex-a9 -mfpu=vfpv3 -mfloat-abi=hard"
"Running Make include in ps7_cortexa9_0/libsrc/ucos_l2cachec_v1_42/src"
make -C ps7_cortexa9_0/libsrc/ucos_l2cachec_v1_42/src -s include  "SHELL=CMD" "COMPILER=arm-xilinx-eabi-gcc" "ARCHIVER=arm-xilinx-eabi-ar" "COMPILER_FLAGS=  -O2 -c" "EXTRA_COMPILER_FLAGS=-g -mcpu=cortex-a9 -mfpu=vfpv3 -mfloat-abi=hard"
"Running Make include in ps7_cortexa9_0/libsrc/ucos_osiii_v1_42/src"
make -C ps7_cortexa9_0/libsrc/ucos_osiii_v1_42/src -s include  "SHELL=CMD" "COMPILER=arm-xilinx-eabi-gcc" "ARCHIVER=arm-xilinx-eabi-ar" "COMPILER_FLAGS=  -O2 -c" "EXTRA_COMPILER_FLAGS=-g -mcpu=cortex-a9 -mfpu=vfpv3 -mfloat-abi=hard"
"Running Make include in ps7_cortexa9_0/libsrc/ucos_scuc_v1_42/src"
make -C ps7_cortexa9_0/libsrc/ucos_scuc_v1_42/src -s include  "SHELL=CMD" "COMPILER=arm-xilinx-eabi-gcc" "ARCHIVER=arm-xilinx-eabi-ar" "COMPILER_FLAGS=  -O2 -c" "EXTRA_COMPILER_FLAGS=-g -mcpu=cortex-a9 -mfpu=vfpv3 -mfloat-abi=hard"
"Running Make include in ps7_cortexa9_0/libsrc/ucos_scugic_v1_42/src"
make -C ps7_cortexa9_0/libsrc/ucos_scugic_v1_42/src -s include  "SHELL=CMD" "COMPILER=arm-xilinx-eabi-gcc" "ARCHIVER=arm-xilinx-eabi-ar" "COMPILER_FLAGS=  -O2 -c" "EXTRA_COMPILER_FLAGS=-g -mcpu=cortex-a9 -mfpu=vfpv3 -mfloat-abi=hard"
"Running Make include in ps7_cortexa9_0/libsrc/ucos_scutimer_v1_42/src"
make -C ps7_cortexa9_0/libsrc/ucos_scutimer_v1_42/src -s include  "SHELL=CMD" "COMPILER=arm-xilinx-eabi-gcc" "ARCHIVER=arm-xilinx-eabi-ar" "COMPILER_FLAGS=  -O2 -c" "EXTRA_COMPILER_FLAGS=-g -mcpu=cortex-a9 -mfpu=vfpv3 -mfloat-abi=hard"
"Running Make include in ps7_cortexa9_0/libsrc/ucos_standalone_v1_42/src"
make -C ps7_cortexa9_0/libsrc/ucos_standalone_v1_42/src -s include  "SHELL=CMD" "COMPILER=arm-xilinx-eabi-gcc" "ARCHIVER=arm-xilinx-eabi-ar" "COMPILER_FLAGS=  -O2 -c" "EXTRA_COMPILER_FLAGS=-g -mcpu=cortex-a9 -mfpu=vfpv3 -mfloat-abi=hard"
"Running Make include in ps7_cortexa9_0/libsrc/ucos_uartps_v1_42/src"
make -C ps7_cortexa9_0/libsrc/ucos_uartps_v1_42/src -s include  "SHELL=CMD" "COMPILER=arm-xilinx-eabi-gcc" "ARCHIVER=arm-xilinx-eabi-ar" "COMPILER_FLAGS=  -O2 -c" "EXTRA_COMPILER_FLAGS=-g -mcpu=cortex-a9 -mfpu=vfpv3 -mfloat-abi=hard"
"Running Make include in ps7_cortexa9_0/libsrc/ucos_v1_42/src"
make -C ps7_cortexa9_0/libsrc/ucos_v1_42/src -s include  "SHELL=CMD" "COMPILER=arm-xilinx-eabi-gcc" "ARCHIVER=arm-xilinx-eabi-ar" "COMPILER_FLAGS=  -O2 -c" "EXTRA_COMPILER_FLAGS=-g -mcpu=cortex-a9 -mfpu=vfpv3 -mfloat-abi=hard"
"Running Make include in ps7_cortexa9_0/libsrc/xadcps_v2_2/src"
make -C ps7_cortexa9_0/libsrc/xadcps_v2_2/src -s include  "SHELL=CMD" "COMPILER=arm-xilinx-eabi-gcc" "ARCHIVER=arm-xilinx-eabi-ar" "COMPILER_FLAGS=  -O2 -c" "EXTRA_COMPILER_FLAGS=-g -mcpu=cortex-a9 -mfpu=vfpv3 -mfloat-abi=hard"
"Running Make libs in ps7_cortexa9_0/libsrc/coresightps_dcc_v1_4/src"
make -C ps7_cortexa9_0/libsrc/coresightps_dcc_v1_4/src -s libs  "SHELL=CMD" "COMPILER=arm-xilinx-eabi-gcc" "ARCHIVER=arm-xilinx-eabi-ar" "COMPILER_FLAGS=  -O2 -c" "EXTRA_COMPILER_FLAGS=-g -mcpu=cortex-a9 -mfpu=vfpv3 -mfloat-abi=hard"
"Compiling coresightps_dcc"
arm-xilinx-eabi-ar: creating ../../../lib/libxil.a
"Running Make libs in ps7_cortexa9_0/libsrc/ddrps_v1_0/src"
make -C ps7_cortexa9_0/libsrc/ddrps_v1_0/src -s libs  "SHELL=CMD" "COMPILER=arm-xilinx-eabi-gcc" "ARCHIVER=arm-xilinx-eabi-ar" "COMPILER_FLAGS=  -O2 -c" "EXTRA_COMPILER_FLAGS=-g -mcpu=cortex-a9 -mfpu=vfpv3 -mfloat-abi=hard"
"Compiling ddrps"
"Running Make libs in ps7_cortexa9_0/libsrc/devcfg_v3_4/src"
make -C ps7_cortexa9_0/libsrc/devcfg_v3_4/src -s libs  "SHELL=CMD" "COMPILER=arm-xilinx-eabi-gcc" "ARCHIVER=arm-xilinx-eabi-ar" "COMPILER_FLAGS=  -O2 -c" "EXTRA_COMPILER_FLAGS=-g -mcpu=cortex-a9 -mfpu=vfpv3 -mfloat-abi=hard"
"Compiling devcfg"
"Running Make libs in ps7_cortexa9_0/libsrc/dmaps_v2_3/src"
make -C ps7_cortexa9_0/libsrc/dmaps_v2_3/src -s libs  "SHELL=CMD" "COMPILER=arm-xilinx-eabi-gcc" "ARCHIVER=arm-xilinx-eabi-ar" "COMPILER_FLAGS=  -O2 -c" "EXTRA_COMPILER_FLAGS=-g -mcpu=cortex-a9 -mfpu=vfpv3 -mfloat-abi=hard"
"Compiling dmaps"
"Running Make libs in ps7_cortexa9_0/libsrc/scuwdt_v2_1/src"
make -C ps7_cortexa9_0/libsrc/scuwdt_v2_1/src -s libs  "SHELL=CMD" "COMPILER=arm-xilinx-eabi-gcc" "ARCHIVER=arm-xilinx-eabi-ar" "COMPILER_FLAGS=  -O2 -c" "EXTRA_COMPILER_FLAGS=-g -mcpu=cortex-a9 -mfpu=vfpv3 -mfloat-abi=hard"
"Compiling scuwdt"
"Running Make libs in ps7_cortexa9_0/libsrc/tmrctr_v4_3/src"
make -C ps7_cortexa9_0/libsrc/tmrctr_v4_3/src -s libs  "SHELL=CMD" "COMPILER=arm-xilinx-eabi-gcc" "ARCHIVER=arm-xilinx-eabi-ar" "COMPILER_FLAGS=  -O2 -c" "EXTRA_COMPILER_FLAGS=-g -mcpu=cortex-a9 -mfpu=vfpv3 -mfloat-abi=hard"
"Compiling tmrctr"
"Running Make libs in ps7_cortexa9_0/libsrc/ucos_axitimer_v1_42/src"
make -C ps7_cortexa9_0/libsrc/ucos_axitimer_v1_42/src -s libs  "SHELL=CMD" "COMPILER=arm-xilinx-eabi-gcc" "ARCHIVER=arm-xilinx-eabi-ar" "COMPILER_FLAGS=  -O2 -c" "EXTRA_COMPILER_FLAGS=-g -mcpu=cortex-a9 -mfpu=vfpv3 -mfloat-abi=hard"
"Compiling ucos_axitimer"
"Running Make libs in ps7_cortexa9_0/libsrc/ucos_common_v1_42/src"
make -C ps7_cortexa9_0/libsrc/ucos_common_v1_42/src -s libs  "SHELL=CMD" "COMPILER=arm-xilinx-eabi-gcc" "ARCHIVER=arm-xilinx-eabi-ar" "COMPILER_FLAGS=  -O2 -c" "EXTRA_COMPILER_FLAGS=-g -mcpu=cortex-a9 -mfpu=vfpv3 -mfloat-abi=hard"
"Compiling uC/OS Common Components"
"Running Make libs in ps7_cortexa9_0/libsrc/ucos_cpu_cortexa9_v1_42/src"
make -C ps7_cortexa9_0/libsrc/ucos_cpu_cortexa9_v1_42/src -s libs  "SHELL=CMD" "COMPILER=arm-xilinx-eabi-gcc" "ARCHIVER=arm-xilinx-eabi-ar" "COMPILER_FLAGS=  -O2 -c" "EXTRA_COMPILER_FLAGS=-g -mcpu=cortex-a9 -mfpu=vfpv3 -mfloat-abi=hard"
"Compiling ucos_cpu_cortexa9"
"Running Make libs in ps7_cortexa9_0/libsrc/ucos_l2cachec_v1_42/src"
make -C ps7_cortexa9_0/libsrc/ucos_l2cachec_v1_42/src -s libs  "SHELL=CMD" "COMPILER=arm-xilinx-eabi-gcc" "ARCHIVER=arm-xilinx-eabi-ar" "COMPILER_FLAGS=  -O2 -c" "EXTRA_COMPILER_FLAGS=-g -mcpu=cortex-a9 -mfpu=vfpv3 -mfloat-abi=hard"
"Compiling ucos_scuc"
"Running Make libs in ps7_cortexa9_0/libsrc/ucos_osiii_v1_42/src"
make -C ps7_cortexa9_0/libsrc/ucos_osiii_v1_42/src -s libs  "SHELL=CMD" "COMPILER=arm-xilinx-eabi-gcc" "ARCHIVER=arm-xilinx-eabi-ar" "COMPILER_FLAGS=  -O2 -c" "EXTRA_COMPILER_FLAGS=-g -mcpu=cortex-a9 -mfpu=vfpv3 -mfloat-abi=hard"
"Compiling uC/OS-III"
"Running Make libs in ps7_cortexa9_0/libsrc/ucos_scuc_v1_42/src"
make -C ps7_cortexa9_0/libsrc/ucos_scuc_v1_42/src -s libs  "SHELL=CMD" "COMPILER=arm-xilinx-eabi-gcc" "ARCHIVER=arm-xilinx-eabi-ar" "COMPILER_FLAGS=  -O2 -c" "EXTRA_COMPILER_FLAGS=-g -mcpu=cortex-a9 -mfpu=vfpv3 -mfloat-abi=hard"
"Compiling ucos_l2cachec"
"Running Make libs in ps7_cortexa9_0/libsrc/ucos_scugic_v1_42/src"
make -C ps7_cortexa9_0/libsrc/ucos_scugic_v1_42/src -s libs  "SHELL=CMD" "COMPILER=arm-xilinx-eabi-gcc" "ARCHIVER=arm-xilinx-eabi-ar" "COMPILER_FLAGS=  -O2 -c" "EXTRA_COMPILER_FLAGS=-g -mcpu=cortex-a9 -mfpu=vfpv3 -mfloat-abi=hard"
"Compiling scugic"
"Running Make libs in ps7_cortexa9_0/libsrc/ucos_scutimer_v1_42/src"
make -C ps7_cortexa9_0/libsrc/ucos_scutimer_v1_42/src -s libs  "SHELL=CMD" "COMPILER=arm-xilinx-eabi-gcc" "ARCHIVER=arm-xilinx-eabi-ar" "COMPILER_FLAGS=  -O2 -c" "EXTRA_COMPILER_FLAGS=-g -mcpu=cortex-a9 -mfpu=vfpv3 -mfloat-abi=hard"
"Compiling scutimer"
"Running Make libs in ps7_cortexa9_0/libsrc/ucos_standalone_v1_42/src"
make -C ps7_cortexa9_0/libsrc/ucos_standalone_v1_42/src -s libs  "SHELL=CMD" "COMPILER=arm-xilinx-eabi-gcc" "ARCHIVER=arm-xilinx-eabi-ar" "COMPILER_FLAGS=  -O2 -c" "EXTRA_COMPILER_FLAGS=-g -mcpu=cortex-a9 -mfpu=vfpv3 -mfloat-abi=hard"
"Compiling standalone"
"Running Make libs in ps7_cortexa9_0/libsrc/ucos_uartps_v1_42/src"
make -C ps7_cortexa9_0/libsrc/ucos_uartps_v1_42/src -s libs  "SHELL=CMD" "COMPILER=arm-xilinx-eabi-gcc" "ARCHIVER=arm-xilinx-eabi-ar" "COMPILER_FLAGS=  -O2 -c" "EXTRA_COMPILER_FLAGS=-g -mcpu=cortex-a9 -mfpu=vfpv3 -mfloat-abi=hard"
"Compiling ucos_emacps"
"Running Make libs in ps7_cortexa9_0/libsrc/ucos_v1_42/src"
make -C ps7_cortexa9_0/libsrc/ucos_v1_42/src -s libs  "SHELL=CMD" "COMPILER=arm-xilinx-eabi-gcc" "ARCHIVER=arm-xilinx-eabi-ar" "COMPILER_FLAGS=  -O2 -c" "EXTRA_COMPILER_FLAGS=-g -mcpu=cortex-a9 -mfpu=vfpv3 -mfloat-abi=hard"
"Compiling uC/OS"
"Running Make libs in ps7_cortexa9_0/libsrc/xadcps_v2_2/src"
make -C ps7_cortexa9_0/libsrc/xadcps_v2_2/src -s libs  "SHELL=CMD" "COMPILER=arm-xilinx-eabi-gcc" "ARCHIVER=arm-xilinx-eabi-ar" "COMPILER_FLAGS=  -O2 -c" "EXTRA_COMPILER_FLAGS=-g -mcpu=cortex-a9 -mfpu=vfpv3 -mfloat-abi=hard"
"Compiling xadcps"
'Finished building libraries'
16:38:03 **** Auto Build of configuration Debug for project tutu ****
make pre-build main-build 
a9-linaro-pre-build-step
' '
'Building file: ../src/app.c'
'Invoking: ARM v7 gcc compiler'
arm-none-eabi-gcc -Wall -O0 -g3 -c -fmessage-length=0 -MT"src/app.o" -mcpu=cortex-a9 -mfpu=vfpv3 -mfloat-abi=hard -I../../tutu_bsp/ps7_cortexa9_0/include -MMD -MP -MF"src/app.d" -MT"src/app.o" -o "src/app.o" "../src/app.c"
'Finished building: ../src/app.c'
' '
'Building target: tutu.elf'
'Invoking: ARM v7 gcc linker'
arm-none-eabi-gcc -mcpu=cortex-a9 -mfpu=vfpv3 -mfloat-abi=hard -Wl,-build-id=none -specs=Xilinx.spec -Wl,-T -Wl,../src/lscript.ld -L../../tutu_bsp/ps7_cortexa9_0/lib -o "tutu.elf"  ./src/app.o   -Wl,--start-group,-lucos,-lgcc,-lc,--end-group -Wl,--start-group,-lxil,-lucos,-lgcc,-lc,--end-group
'Finished building target: tutu.elf'
' '
'Invoking: ARM v7 Print Size'
arm-none-eabi-size tutu.elf  |tee "tutu.elf.size"
   text	   data	    bss	    dec	    hex	filename
  60596	     40	  34576	  95212	  173ec	tutu.elf
'Finished building: tutu.elf.size'
' '
16:50:02 **** Incremental Build of configuration Debug for project tutu ****
make pre-build main-build 
a9-linaro-pre-build-step
' '
make: Nothing to be done for `main-build'.
16:53:25 **** Build of project standalone_bsp_0 ****
make -k all 
make: *** 没有规则可以创建目标“all”.
17:02:49 **** Build of project ucos_bsp_0 ****
make -k all 
make: *** 没有规则可以创建目标“all”.
17:03:41 **** Build of project standalone_bsp_0 ****
make -k all 
make: *** 没有规则可以创建目标“all”.
15:30:21 **** Clean-only build of project tutu_bsp ****
make -k clean 
make -C ps7_cortexa9_0/libsrc/coresightps_dcc_v1_4/src -s clean 
make -C ps7_cortexa9_0/libsrc/ddrps_v1_0/src -s clean 
make -C ps7_cortexa9_0/libsrc/devcfg_v3_4/src -s clean 
make -C ps7_cortexa9_0/libsrc/dmaps_v2_3/src -s clean 
make -C ps7_cortexa9_0/libsrc/scuwdt_v2_1/src -s clean 
make -C ps7_cortexa9_0/libsrc/tmrctr_v4_3/src -s clean 
make -C ps7_cortexa9_0/libsrc/ucos_axitimer_v1_42/src -s clean 
make -C ps7_cortexa9_0/libsrc/ucos_common_v1_42/src -s clean 
make -C ps7_cortexa9_0/libsrc/ucos_cpu_cortexa9_v1_42/src -s clean 
make -C ps7_cortexa9_0/libsrc/ucos_l2cachec_v1_42/src -s clean 
make -C ps7_cortexa9_0/libsrc/ucos_osiii_v1_42/src -s clean 
make -C ps7_cortexa9_0/libsrc/ucos_scuc_v1_42/src -s clean 
make -C ps7_cortexa9_0/libsrc/ucos_scugic_v1_42/src -s clean 
make -C ps7_cortexa9_0/libsrc/ucos_scutimer_v1_42/src -s clean 
make -C ps7_cortexa9_0/libsrc/ucos_standalone_v1_42/src -s clean 
make -C ps7_cortexa9_0/libsrc/ucos_uartps_v1_42/src -s clean 
make -C ps7_cortexa9_0/libsrc/ucos_v1_42/src -s clean 
make -C ps7_cortexa9_0/libsrc/xadcps_v2_2/src -s clean 
rm -f ps7_cortexa9_0/lib/libxil.a
15:30:26 **** Build of project tutu_bsp ****
make -k all 
"Running Make include in ps7_cortexa9_0/libsrc/coresightps_dcc_v1_4/src"
make -C ps7_cortexa9_0/libsrc/coresightps_dcc_v1_4/src -s include  "SHELL=CMD" "COMPILER=arm-xilinx-eabi-gcc" "ARCHIVER=arm-xilinx-eabi-ar" "COMPILER_FLAGS=  -O2 -c" "EXTRA_COMPILER_FLAGS=-g -mcpu=cortex-a9 -mfpu=vfpv3 -mfloat-abi=hard"
"Running Make include in ps7_cortexa9_0/libsrc/ddrps_v1_0/src"
make -C ps7_cortexa9_0/libsrc/ddrps_v1_0/src -s include  "SHELL=CMD" "COMPILER=arm-xilinx-eabi-gcc" "ARCHIVER=arm-xilinx-eabi-ar" "COMPILER_FLAGS=  -O2 -c" "EXTRA_COMPILER_FLAGS=-g -mcpu=cortex-a9 -mfpu=vfpv3 -mfloat-abi=hard"
"Running Make include in ps7_cortexa9_0/libsrc/devcfg_v3_4/src"
make -C ps7_cortexa9_0/libsrc/devcfg_v3_4/src -s include  "SHELL=CMD" "COMPILER=arm-xilinx-eabi-gcc" "ARCHIVER=arm-xilinx-eabi-ar" "COMPILER_FLAGS=  -O2 -c" "EXTRA_COMPILER_FLAGS=-g -mcpu=cortex-a9 -mfpu=vfpv3 -mfloat-abi=hard"
"Running Make include in ps7_cortexa9_0/libsrc/dmaps_v2_3/src"
make -C ps7_cortexa9_0/libsrc/dmaps_v2_3/src -s include  "SHELL=CMD" "COMPILER=arm-xilinx-eabi-gcc" "ARCHIVER=arm-xilinx-eabi-ar" "COMPILER_FLAGS=  -O2 -c" "EXTRA_COMPILER_FLAGS=-g -mcpu=cortex-a9 -mfpu=vfpv3 -mfloat-abi=hard"
"Running Make include in ps7_cortexa9_0/libsrc/scuwdt_v2_1/src"
make -C ps7_cortexa9_0/libsrc/scuwdt_v2_1/src -s include  "SHELL=CMD" "COMPILER=arm-xilinx-eabi-gcc" "ARCHIVER=arm-xilinx-eabi-ar" "COMPILER_FLAGS=  -O2 -c" "EXTRA_COMPILER_FLAGS=-g -mcpu=cortex-a9 -mfpu=vfpv3 -mfloat-abi=hard"
"Running Make include in ps7_cortexa9_0/libsrc/tmrctr_v4_3/src"
make -C ps7_cortexa9_0/libsrc/tmrctr_v4_3/src -s include  "SHELL=CMD" "COMPILER=arm-xilinx-eabi-gcc" "ARCHIVER=arm-xilinx-eabi-ar" "COMPILER_FLAGS=  -O2 -c" "EXTRA_COMPILER_FLAGS=-g -mcpu=cortex-a9 -mfpu=vfpv3 -mfloat-abi=hard"
"Running Make include in ps7_cortexa9_0/libsrc/ucos_axitimer_v1_42/src"
make -C ps7_cortexa9_0/libsrc/ucos_axitimer_v1_42/src -s include  "SHELL=CMD" "COMPILER=arm-xilinx-eabi-gcc" "ARCHIVER=arm-xilinx-eabi-ar" "COMPILER_FLAGS=  -O2 -c" "EXTRA_COMPILER_FLAGS=-g -mcpu=cortex-a9 -mfpu=vfpv3 -mfloat-abi=hard"
"Running Make include in ps7_cortexa9_0/libsrc/ucos_common_v1_42/src"
make -C ps7_cortexa9_0/libsrc/ucos_common_v1_42/src -s include  "SHELL=CMD" "COMPILER=arm-xilinx-eabi-gcc" "ARCHIVER=arm-xilinx-eabi-ar" "COMPILER_FLAGS=  -O2 -c" "EXTRA_COMPILER_FLAGS=-g -mcpu=cortex-a9 -mfpu=vfpv3 -mfloat-abi=hard"
"Running Make include in ps7_cortexa9_0/libsrc/ucos_cpu_cortexa9_v1_42/src"
make -C ps7_cortexa9_0/libsrc/ucos_cpu_cortexa9_v1_42/src -s include  "SHELL=CMD" "COMPILER=arm-xilinx-eabi-gcc" "ARCHIVER=arm-xilinx-eabi-ar" "COMPILER_FLAGS=  -O2 -c" "EXTRA_COMPILER_FLAGS=-g -mcpu=cortex-a9 -mfpu=vfpv3 -mfloat-abi=hard"
"Running Make include in ps7_cortexa9_0/libsrc/ucos_l2cachec_v1_42/src"
make -C ps7_cortexa9_0/libsrc/ucos_l2cachec_v1_42/src -s include  "SHELL=CMD" "COMPILER=arm-xilinx-eabi-gcc" "ARCHIVER=arm-xilinx-eabi-ar" "COMPILER_FLAGS=  -O2 -c" "EXTRA_COMPILER_FLAGS=-g -mcpu=cortex-a9 -mfpu=vfpv3 -mfloat-abi=hard"
"Running Make include in ps7_cortexa9_0/libsrc/ucos_osiii_v1_42/src"
make -C ps7_cortexa9_0/libsrc/ucos_osiii_v1_42/src -s include  "SHELL=CMD" "COMPILER=arm-xilinx-eabi-gcc" "ARCHIVER=arm-xilinx-eabi-ar" "COMPILER_FLAGS=  -O2 -c" "EXTRA_COMPILER_FLAGS=-g -mcpu=cortex-a9 -mfpu=vfpv3 -mfloat-abi=hard"
"Running Make include in ps7_cortexa9_0/libsrc/ucos_scuc_v1_42/src"
make -C ps7_cortexa9_0/libsrc/ucos_scuc_v1_42/src -s include  "SHELL=CMD" "COMPILER=arm-xilinx-eabi-gcc" "ARCHIVER=arm-xilinx-eabi-ar" "COMPILER_FLAGS=  -O2 -c" "EXTRA_COMPILER_FLAGS=-g -mcpu=cortex-a9 -mfpu=vfpv3 -mfloat-abi=hard"
"Running Make include in ps7_cortexa9_0/libsrc/ucos_scugic_v1_42/src"
make -C ps7_cortexa9_0/libsrc/ucos_scugic_v1_42/src -s include  "SHELL=CMD" "COMPILER=arm-xilinx-eabi-gcc" "ARCHIVER=arm-xilinx-eabi-ar" "COMPILER_FLAGS=  -O2 -c" "EXTRA_COMPILER_FLAGS=-g -mcpu=cortex-a9 -mfpu=vfpv3 -mfloat-abi=hard"
"Running Make include in ps7_cortexa9_0/libsrc/ucos_scutimer_v1_42/src"
make -C ps7_cortexa9_0/libsrc/ucos_scutimer_v1_42/src -s include  "SHELL=CMD" "COMPILER=arm-xilinx-eabi-gcc" "ARCHIVER=arm-xilinx-eabi-ar" "COMPILER_FLAGS=  -O2 -c" "EXTRA_COMPILER_FLAGS=-g -mcpu=cortex-a9 -mfpu=vfpv3 -mfloat-abi=hard"
"Running Make include in ps7_cortexa9_0/libsrc/ucos_standalone_v1_42/src"
make -C ps7_cortexa9_0/libsrc/ucos_standalone_v1_42/src -s include  "SHELL=CMD" "COMPILER=arm-xilinx-eabi-gcc" "ARCHIVER=arm-xilinx-eabi-ar" "COMPILER_FLAGS=  -O2 -c" "EXTRA_COMPILER_FLAGS=-g -mcpu=cortex-a9 -mfpu=vfpv3 -mfloat-abi=hard"
"Running Make include in ps7_cortexa9_0/libsrc/ucos_uartps_v1_42/src"
make -C ps7_cortexa9_0/libsrc/ucos_uartps_v1_42/src -s include  "SHELL=CMD" "COMPILER=arm-xilinx-eabi-gcc" "ARCHIVER=arm-xilinx-eabi-ar" "COMPILER_FLAGS=  -O2 -c" "EXTRA_COMPILER_FLAGS=-g -mcpu=cortex-a9 -mfpu=vfpv3 -mfloat-abi=hard"
"Running Make include in ps7_cortexa9_0/libsrc/ucos_v1_42/src"
make -C ps7_cortexa9_0/libsrc/ucos_v1_42/src -s include  "SHELL=CMD" "COMPILER=arm-xilinx-eabi-gcc" "ARCHIVER=arm-xilinx-eabi-ar" "COMPILER_FLAGS=  -O2 -c" "EXTRA_COMPILER_FLAGS=-g -mcpu=cortex-a9 -mfpu=vfpv3 -mfloat-abi=hard"
"Running Make include in ps7_cortexa9_0/libsrc/xadcps_v2_2/src"
make -C ps7_cortexa9_0/libsrc/xadcps_v2_2/src -s include  "SHELL=CMD" "COMPILER=arm-xilinx-eabi-gcc" "ARCHIVER=arm-xilinx-eabi-ar" "COMPILER_FLAGS=  -O2 -c" "EXTRA_COMPILER_FLAGS=-g -mcpu=cortex-a9 -mfpu=vfpv3 -mfloat-abi=hard"
"Running Make libs in ps7_cortexa9_0/libsrc/coresightps_dcc_v1_4/src"
make -C ps7_cortexa9_0/libsrc/coresightps_dcc_v1_4/src -s libs  "SHELL=CMD" "COMPILER=arm-xilinx-eabi-gcc" "ARCHIVER=arm-xilinx-eabi-ar" "COMPILER_FLAGS=  -O2 -c" "EXTRA_COMPILER_FLAGS=-g -mcpu=cortex-a9 -mfpu=vfpv3 -mfloat-abi=hard"
"Compiling coresightps_dcc"
arm-xilinx-eabi-ar: creating ../../../lib/libxil.a
"Running Make libs in ps7_cortexa9_0/libsrc/ddrps_v1_0/src"
make -C ps7_cortexa9_0/libsrc/ddrps_v1_0/src -s libs  "SHELL=CMD" "COMPILER=arm-xilinx-eabi-gcc" "ARCHIVER=arm-xilinx-eabi-ar" "COMPILER_FLAGS=  -O2 -c" "EXTRA_COMPILER_FLAGS=-g -mcpu=cortex-a9 -mfpu=vfpv3 -mfloat-abi=hard"
"Compiling ddrps"
"Running Make libs in ps7_cortexa9_0/libsrc/devcfg_v3_4/src"
make -C ps7_cortexa9_0/libsrc/devcfg_v3_4/src -s libs  "SHELL=CMD" "COMPILER=arm-xilinx-eabi-gcc" "ARCHIVER=arm-xilinx-eabi-ar" "COMPILER_FLAGS=  -O2 -c" "EXTRA_COMPILER_FLAGS=-g -mcpu=cortex-a9 -mfpu=vfpv3 -mfloat-abi=hard"
"Compiling devcfg"
"Running Make libs in ps7_cortexa9_0/libsrc/dmaps_v2_3/src"
make -C ps7_cortexa9_0/libsrc/dmaps_v2_3/src -s libs  "SHELL=CMD" "COMPILER=arm-xilinx-eabi-gcc" "ARCHIVER=arm-xilinx-eabi-ar" "COMPILER_FLAGS=  -O2 -c" "EXTRA_COMPILER_FLAGS=-g -mcpu=cortex-a9 -mfpu=vfpv3 -mfloat-abi=hard"
"Compiling dmaps"
"Running Make libs in ps7_cortexa9_0/libsrc/scuwdt_v2_1/src"
make -C ps7_cortexa9_0/libsrc/scuwdt_v2_1/src -s libs  "SHELL=CMD" "COMPILER=arm-xilinx-eabi-gcc" "ARCHIVER=arm-xilinx-eabi-ar" "COMPILER_FLAGS=  -O2 -c" "EXTRA_COMPILER_FLAGS=-g -mcpu=cortex-a9 -mfpu=vfpv3 -mfloat-abi=hard"
"Compiling scuwdt"
"Running Make libs in ps7_cortexa9_0/libsrc/tmrctr_v4_3/src"
make -C ps7_cortexa9_0/libsrc/tmrctr_v4_3/src -s libs  "SHELL=CMD" "COMPILER=arm-xilinx-eabi-gcc" "ARCHIVER=arm-xilinx-eabi-ar" "COMPILER_FLAGS=  -O2 -c" "EXTRA_COMPILER_FLAGS=-g -mcpu=cortex-a9 -mfpu=vfpv3 -mfloat-abi=hard"
"Compiling tmrctr"
"Running Make libs in ps7_cortexa9_0/libsrc/ucos_axitimer_v1_42/src"
make -C ps7_cortexa9_0/libsrc/ucos_axitimer_v1_42/src -s libs  "SHELL=CMD" "COMPILER=arm-xilinx-eabi-gcc" "ARCHIVER=arm-xilinx-eabi-ar" "COMPILER_FLAGS=  -O2 -c" "EXTRA_COMPILER_FLAGS=-g -mcpu=cortex-a9 -mfpu=vfpv3 -mfloat-abi=hard"
"Compiling ucos_axitimer"
"Running Make libs in ps7_cortexa9_0/libsrc/ucos_common_v1_42/src"
make -C ps7_cortexa9_0/libsrc/ucos_common_v1_42/src -s libs  "SHELL=CMD" "COMPILER=arm-xilinx-eabi-gcc" "ARCHIVER=arm-xilinx-eabi-ar" "COMPILER_FLAGS=  -O2 -c" "EXTRA_COMPILER_FLAGS=-g -mcpu=cortex-a9 -mfpu=vfpv3 -mfloat-abi=hard"
"Compiling uC/OS Common Components"
"Running Make libs in ps7_cortexa9_0/libsrc/ucos_cpu_cortexa9_v1_42/src"
make -C ps7_cortexa9_0/libsrc/ucos_cpu_cortexa9_v1_42/src -s libs  "SHELL=CMD" "COMPILER=arm-xilinx-eabi-gcc" "ARCHIVER=arm-xilinx-eabi-ar" "COMPILER_FLAGS=  -O2 -c" "EXTRA_COMPILER_FLAGS=-g -mcpu=cortex-a9 -mfpu=vfpv3 -mfloat-abi=hard"
"Compiling ucos_cpu_cortexa9"
"Running Make libs in ps7_cortexa9_0/libsrc/ucos_l2cachec_v1_42/src"
make -C ps7_cortexa9_0/libsrc/ucos_l2cachec_v1_42/src -s libs  "SHELL=CMD" "COMPILER=arm-xilinx-eabi-gcc" "ARCHIVER=arm-xilinx-eabi-ar" "COMPILER_FLAGS=  -O2 -c" "EXTRA_COMPILER_FLAGS=-g -mcpu=cortex-a9 -mfpu=vfpv3 -mfloat-abi=hard"
"Compiling ucos_scuc"
"Running Make libs in ps7_cortexa9_0/libsrc/ucos_osiii_v1_42/src"
make -C ps7_cortexa9_0/libsrc/ucos_osiii_v1_42/src -s libs  "SHELL=CMD" "COMPILER=arm-xilinx-eabi-gcc" "ARCHIVER=arm-xilinx-eabi-ar" "COMPILER_FLAGS=  -O2 -c" "EXTRA_COMPILER_FLAGS=-g -mcpu=cortex-a9 -mfpu=vfpv3 -mfloat-abi=hard"
"Compiling uC/OS-III"
"Running Make libs in ps7_cortexa9_0/libsrc/ucos_scuc_v1_42/src"
make -C ps7_cortexa9_0/libsrc/ucos_scuc_v1_42/src -s libs  "SHELL=CMD" "COMPILER=arm-xilinx-eabi-gcc" "ARCHIVER=arm-xilinx-eabi-ar" "COMPILER_FLAGS=  -O2 -c" "EXTRA_COMPILER_FLAGS=-g -mcpu=cortex-a9 -mfpu=vfpv3 -mfloat-abi=hard"
"Compiling ucos_l2cachec"
"Running Make libs in ps7_cortexa9_0/libsrc/ucos_scugic_v1_42/src"
make -C ps7_cortexa9_0/libsrc/ucos_scugic_v1_42/src -s libs  "SHELL=CMD" "COMPILER=arm-xilinx-eabi-gcc" "ARCHIVER=arm-xilinx-eabi-ar" "COMPILER_FLAGS=  -O2 -c" "EXTRA_COMPILER_FLAGS=-g -mcpu=cortex-a9 -mfpu=vfpv3 -mfloat-abi=hard"
"Compiling scugic"
"Running Make libs in ps7_cortexa9_0/libsrc/ucos_scutimer_v1_42/src"
make -C ps7_cortexa9_0/libsrc/ucos_scutimer_v1_42/src -s libs  "SHELL=CMD" "COMPILER=arm-xilinx-eabi-gcc" "ARCHIVER=arm-xilinx-eabi-ar" "COMPILER_FLAGS=  -O2 -c" "EXTRA_COMPILER_FLAGS=-g -mcpu=cortex-a9 -mfpu=vfpv3 -mfloat-abi=hard"
"Compiling scutimer"
"Running Make libs in ps7_cortexa9_0/libsrc/ucos_standalone_v1_42/src"
make -C ps7_cortexa9_0/libsrc/ucos_standalone_v1_42/src -s libs  "SHELL=CMD" "COMPILER=arm-xilinx-eabi-gcc" "ARCHIVER=arm-xilinx-eabi-ar" "COMPILER_FLAGS=  -O2 -c" "EXTRA_COMPILER_FLAGS=-g -mcpu=cortex-a9 -mfpu=vfpv3 -mfloat-abi=hard"
"Compiling standalone"
"Running Make libs in ps7_cortexa9_0/libsrc/ucos_uartps_v1_42/src"
make -C ps7_cortexa9_0/libsrc/ucos_uartps_v1_42/src -s libs  "SHELL=CMD" "COMPILER=arm-xilinx-eabi-gcc" "ARCHIVER=arm-xilinx-eabi-ar" "COMPILER_FLAGS=  -O2 -c" "EXTRA_COMPILER_FLAGS=-g -mcpu=cortex-a9 -mfpu=vfpv3 -mfloat-abi=hard"
"Compiling ucos_emacps"
"Running Make libs in ps7_cortexa9_0/libsrc/ucos_v1_42/src"
make -C ps7_cortexa9_0/libsrc/ucos_v1_42/src -s libs  "SHELL=CMD" "COMPILER=arm-xilinx-eabi-gcc" "ARCHIVER=arm-xilinx-eabi-ar" "COMPILER_FLAGS=  -O2 -c" "EXTRA_COMPILER_FLAGS=-g -mcpu=cortex-a9 -mfpu=vfpv3 -mfloat-abi=hard"
"Compiling uC/OS"
"Running Make libs in ps7_cortexa9_0/libsrc/xadcps_v2_2/src"
make -C ps7_cortexa9_0/libsrc/xadcps_v2_2/src -s libs  "SHELL=CMD" "COMPILER=arm-xilinx-eabi-gcc" "ARCHIVER=arm-xilinx-eabi-ar" "COMPILER_FLAGS=  -O2 -c" "EXTRA_COMPILER_FLAGS=-g -mcpu=cortex-a9 -mfpu=vfpv3 -mfloat-abi=hard"
"Compiling xadcps"
'Finished building libraries'
15:31:17 **** Auto Build of configuration Debug for project tutu ****
make pre-build main-build 
a9-linaro-pre-build-step
' '
'Building file: ../src/app.c'
'Invoking: ARM v7 gcc compiler'
arm-none-eabi-gcc -Wall -O0 -g3 -c -fmessage-length=0 -MT"src/app.o" -mcpu=cortex-a9 -mfpu=vfpv3 -mfloat-abi=hard -I../../tutu_bsp/ps7_cortexa9_0/include -MMD -MP -MF"src/app.d" -MT"src/app.o" -o "src/app.o" "../src/app.c"
'Finished building: ../src/app.c'
' '
'Building target: tutu.elf'
'Invoking: ARM v7 gcc linker'
arm-none-eabi-gcc -mcpu=cortex-a9 -mfpu=vfpv3 -mfloat-abi=hard -Wl,-build-id=none -specs=Xilinx.spec -Wl,-T -Wl,../src/lscript.ld -L../../tutu_bsp/ps7_cortexa9_0/lib -o "tutu.elf"  ./src/app.o   -Wl,--start-group,-lucos,-lgcc,-lc,--end-group -Wl,--start-group,-lxil,-lucos,-lgcc,-lc,--end-group
'Finished building target: tutu.elf'
' '
'Invoking: ARM v7 Print Size'
arm-none-eabi-size tutu.elf  |tee "tutu.elf.size"
   text	   data	    bss	    dec	    hex	filename
  60596	     40	  34576	  95212	  173ec	tutu.elf
'Finished building: tutu.elf.size'
' '
15:32:30 **** Incremental Build of configuration Debug for project tutu ****
make pre-build main-build 
a9-linaro-pre-build-step
' '
make: Nothing to be done for `main-build'.
15:32:34 **** Incremental Build of configuration Debug for project tutu ****
make pre-build main-build 
a9-linaro-pre-build-step
' '
make: Nothing to be done for `main-build'.
15:32:37 **** Auto Build of configuration Debug for project tutu ****
make pre-build main-build 
a9-linaro-pre-build-step
' '
'Building file: ../src/app.c'
'Invoking: ARM v7 gcc compiler'
arm-none-eabi-gcc -Wall -O0 -g3 -c -fmessage-length=0 -MT"src/app.o" -mcpu=cortex-a9 -mfpu=vfpv3 -mfloat-abi=hard -I../../tutu_bsp/ps7_cortexa9_0/include -MMD -MP -MF"src/app.d" -MT"src/app.o" -o "src/app.o" "../src/app.c"
'Finished building: ../src/app.c'
' '
'Building target: tutu.elf'
'Invoking: ARM v7 gcc linker'
arm-none-eabi-gcc -mcpu=cortex-a9 -mfpu=vfpv3 -mfloat-abi=hard -Wl,-build-id=none -specs=Xilinx.spec -Wl,-T -Wl,../src/lscript.ld -L../../tutu_bsp/ps7_cortexa9_0/lib -o "tutu.elf"  ./src/app.o   -Wl,--start-group,-lucos,-lgcc,-lc,--end-group -Wl,--start-group,-lxil,-lucos,-lgcc,-lc,--end-group
'Finished building target: tutu.elf'
' '
'Invoking: ARM v7 Print Size'
arm-none-eabi-size tutu.elf  |tee "tutu.elf.size"
   text	   data	    bss	    dec	    hex	filename
  65440	     72	  39088	 104600	  19898	tutu.elf
'Finished building: tutu.elf.size'
' '
15:32:44 **** Incremental Build of configuration Debug for project tutu ****
make pre-build main-build 
a9-linaro-pre-build-step
' '
make: Nothing to be done for `main-build'.
09:30:19 **** Incremental Build of configuration Debug for project tutu ****
make pre-build main-build 
a9-linaro-pre-build-step
' '
make: Nothing to be done for `main-build'.
09:31:43 **** Incremental Build of configuration Debug for project tutu ****
make pre-build main-build 
a9-linaro-pre-build-step
' '
make: Nothing to be done for `main-build'.
09:32:51 **** Incremental Build of configuration Debug for project tutu ****
make pre-build main-build 
a9-linaro-pre-build-step
' '
make: Nothing to be done for `main-build'.
09:34:10 **** Build of project second_wind_bsp ****
make -k all 
"Running Make include in ps7_cortexa9_0/libsrc/coresightps_dcc_v1_4/src"
make -C ps7_cortexa9_0/libsrc/coresightps_dcc_v1_4/src -s include  "SHELL=CMD" "COMPILER=arm-none-eabi-gcc" "ARCHIVER=arm-none-eabi-ar" "COMPILER_FLAGS=  -O2 -c" "EXTRA_COMPILER_FLAGS=-g -mcpu=cortex-a9 -mfpu=vfpv3 -mfloat-abi=hard"
"Running Make include in ps7_cortexa9_0/libsrc/ddrps_v1_0/src"
make -C ps7_cortexa9_0/libsrc/ddrps_v1_0/src -s include  "SHELL=CMD" "COMPILER=arm-none-eabi-gcc" "ARCHIVER=arm-none-eabi-ar" "COMPILER_FLAGS=  -O2 -c" "EXTRA_COMPILER_FLAGS=-g -mcpu=cortex-a9 -mfpu=vfpv3 -mfloat-abi=hard"
"Running Make include in ps7_cortexa9_0/libsrc/devcfg_v3_4/src"
make -C ps7_cortexa9_0/libsrc/devcfg_v3_4/src -s include  "SHELL=CMD" "COMPILER=arm-none-eabi-gcc" "ARCHIVER=arm-none-eabi-ar" "COMPILER_FLAGS=  -O2 -c" "EXTRA_COMPILER_FLAGS=-g -mcpu=cortex-a9 -mfpu=vfpv3 -mfloat-abi=hard"
"Running Make include in ps7_cortexa9_0/libsrc/dmaps_v2_3/src"
[...]
' '
'Invoking: ARM v7 Print Size'
arm-none-eabi-size third_wind.elf  |tee "third_wind.elf.size"
   text	   data	    bss	    dec	    hex	filename
  80912	   2196	  39392	 122500	  1de84	third_wind.elf
'Finished building: third_wind.elf.size'
' '
14:20:22 **** Incremental Build of configuration Debug for project third_wind ****
make pre-build main-build 
a9-linaro-pre-build-step
' '
make: Nothing to be done for `main-build'.
14:31:00 **** Auto Build of configuration Debug for project third_wind ****
make pre-build main-build 
a9-linaro-pre-build-step
' '
'Building file: ../src/app.c'
'Invoking: ARM v7 gcc compiler'
arm-none-eabi-gcc -Wall -O0 -g3 -c -fmessage-length=0 -MT"src/app.o" -mcpu=cortex-a9 -mfpu=vfpv3 -mfloat-abi=hard -I../../third_wind_bsp/ps7_cortexa9_0/include -MMD -MP -MF"src/app.d" -MT"src/app.o" -o "src/app.o" "../src/app.c"
../src/app.c:76:0: warning: "LED_PinNumber" redefined
 #define  LED_PinNumber 12
 
../src/app.c:75:0: note: this is the location of the previous definition
 #define  LED_PinNumber 0 //LED D29 MIO管脚
 
../src/app.c:77:0: warning: "LED_PinNumber" redefined
 #define  LED_PinNumber 15
 
../src/app.c:76:0: note: this is the location of the previous definition
 #define  LED_PinNumber 12
 
../src/app.c:78:0: warning: "LED_PinNumber" redefined
 #define  LED_PinNumber 8
 
../src/app.c:77:0: note: this is the location of the previous definition
 #define  LED_PinNumber 15
 
../src/app.c:79:0: warning: "LED_PinNumber" redefined
 #define  LED_PinNumber 14
 
../src/app.c:78:0: note: this is the location of the previous definition
 #define  LED_PinNumber 8
 
In file included from ../../third_wind_bsp/ps7_cortexa9_0/include/xtmrctr.h:177:0,
                 from ../src/app.c:67:
../src/app.c: In function 'Timer1Task':
../../third_wind_bsp/ps7_cortexa9_0/include/xstatus.h:65:41: warning: 'return' with a value, in function returning void
 #define XST_FAILURE                     1L
                                         ^
../src/app.c:237:17: note: in expansion of macro 'XST_FAILURE'
          return XST_FAILURE;
                 ^~~~~~~~~~~
../src/app.c:215:6: note: declared here
 void Timer1Task (void *p_arg)
      ^~~~~~~~~~
'Finished building: ../src/app.c'
' '
'Building target: third_wind.elf'
'Invoking: ARM v7 gcc linker'
arm-none-eabi-gcc -mcpu=cortex-a9 -mfpu=vfpv3 -mfloat-abi=hard -Wl,-build-id=none -specs=Xilinx.spec -Wl,-T -Wl,../src/lscript.ld -L../../third_wind_bsp/ps7_cortexa9_0/lib -o "third_wind.elf"  ./src/app.o ./src/platform.o   -Wl,--start-group,-lucos,-lgcc,-lc,--end-group -Wl,--start-group,-lxil,-lucos,-lgcc,-lc,--end-group
'Finished building target: third_wind.elf'
' '
'Invoking: ARM v7 Print Size'
arm-none-eabi-size third_wind.elf  |tee "third_wind.elf.size"
   text	   data	    bss	    dec	    hex	filename
  80912	   2196	  39392	 122500	  1de84	third_wind.elf
'Finished building: third_wind.elf.size'
' '
14:32:03 **** Auto Build of configuration Debug for project third_wind ****
make pre-build main-build 
a9-linaro-pre-build-step
' '
'Building file: ../src/app.c'
'Invoking: ARM v7 gcc compiler'
arm-none-eabi-gcc -Wall -O0 -g3 -c -fmessage-length=0 -MT"src/app.o" -mcpu=cortex-a9 -mfpu=vfpv3 -mfloat-abi=hard -I../../third_wind_bsp/ps7_cortexa9_0/include -MMD -MP -MF"src/app.d" -MT"src/app.o" -o "src/app.o" "../src/app.c"
In file included from ../../third_wind_bsp/ps7_cortexa9_0/include/xtmrctr.h:177:0,
                 from ../src/app.c:67:
../src/app.c: In function 'Timer1Task':
../../third_wind_bsp/ps7_cortexa9_0/include/xstatus.h:65:41: warning: 'return' with a value, in function returning void
 #define XST_FAILURE                     1L
                                         ^
../src/app.c:237:17: note: in expansion of macro 'XST_FAILURE'
          return XST_FAILURE;
                 ^~~~~~~~~~~
../src/app.c:215:6: note: declared here
 void Timer1Task (void *p_arg)
      ^~~~~~~~~~
'Finished building: ../src/app.c'
' '
'Building target: third_wind.elf'
'Invoking: ARM v7 gcc linker'
arm-none-eabi-gcc -mcpu=cortex-a9 -mfpu=vfpv3 -mfloat-abi=hard -Wl,-build-id=none -specs=Xilinx.spec -Wl,-T -Wl,../src/lscript.ld -L../../third_wind_bsp/ps7_cortexa9_0/lib -o "third_wind.elf"  ./src/app.o ./src/platform.o   -Wl,--start-group,-lucos,-lgcc,-lc,--end-group -Wl,--start-group,-lxil,-lucos,-lgcc,-lc,--end-group
'Finished building target: third_wind.elf'
' '
'Invoking: ARM v7 Print Size'
arm-none-eabi-size third_wind.elf  |tee "third_wind.elf.size"
   text	   data	    bss	    dec	    hex	filename
  81040	   2196	  39392	 122628	  1df04	third_wind.elf
'Finished building: third_wind.elf.size'
' '
14:32:24 **** Auto Build of configuration Debug for project third_wind ****
make pre-build main-build 
a9-linaro-pre-build-step
' '
'Building file: ../src/app.c'
'Invoking: ARM v7 gcc compiler'
arm-none-eabi-gcc -Wall -O0 -g3 -c -fmessage-length=0 -MT"src/app.o" -mcpu=cortex-a9 -mfpu=vfpv3 -mfloat-abi=hard -I../../third_wind_bsp/ps7_cortexa9_0/include -MMD -MP -MF"src/app.d" -MT"src/app.o" -o "src/app.o" "../src/app.c"
In file included from ../../third_wind_bsp/ps7_cortexa9_0/include/xtmrctr.h:177:0,
                 from ../src/app.c:67:
../src/app.c: In function 'Timer1Task':
../../third_wind_bsp/ps7_cortexa9_0/include/xstatus.h:65:41: warning: 'return' with a value, in function returning void
 #define XST_FAILURE                     1L
                                         ^
../src/app.c:237:17: note: in expansion of macro 'XST_FAILURE'
          return XST_FAILURE;
                 ^~~~~~~~~~~
../src/app.c:215:6: note: declared here
 void Timer1Task (void *p_arg)
      ^~~~~~~~~~
'Finished building: ../src/app.c'
' '
'Building target: third_wind.elf'
'Invoking: ARM v7 gcc linker'
arm-none-eabi-gcc -mcpu=cortex-a9 -mfpu=vfpv3 -mfloat-abi=hard -Wl,-build-id=none -specs=Xilinx.spec -Wl,-T -Wl,../src/lscript.ld -L../../third_wind_bsp/ps7_cortexa9_0/lib -o "third_wind.elf"  ./src/app.o ./src/platform.o   -Wl,--start-group,-lucos,-lgcc,-lc,--end-group -Wl,--start-group,-lxil,-lucos,-lgcc,-lc,--end-group
'Finished building target: third_wind.elf'
' '
'Invoking: ARM v7 Print Size'
arm-none-eabi-size third_wind.elf  |tee "third_wind.elf.size"
   text	   data	    bss	    dec	    hex	filename
  81040	   2196	  39392	 122628	  1df04	third_wind.elf
'Finished building: third_wind.elf.size'
' '
14:32:36 **** Incremental Build of configuration Debug for project second_wind ****
make pre-build main-build 
a9-linaro-pre-build-step
' '
make: Nothing to be done for `main-build'.
14:32:37 **** Incremental Build of configuration Debug for project third_wind ****
make pre-build main-build 
a9-linaro-pre-build-step
' '
make: Nothing to be done for `main-build'.
14:32:39 **** Incremental Build of configuration Debug for project third_wind ****
make pre-build main-build 
a9-linaro-pre-build-step
' '
make: Nothing to be done for `main-build'.
14:34:39 **** Auto Build of configuration Debug for project third_wind ****
make pre-build main-build 
a9-linaro-pre-build-step
' '
'Building file: ../src/app.c'
'Invoking: ARM v7 gcc compiler'
arm-none-eabi-gcc -Wall -O0 -g3 -c -fmessage-length=0 -MT"src/app.o" -mcpu=cortex-a9 -mfpu=vfpv3 -mfloat-abi=hard -I../../third_wind_bsp/ps7_cortexa9_0/include -MMD -MP -MF"src/app.d" -MT"src/app.o" -o "src/app.o" "../src/app.c"
In file included from ../../third_wind_bsp/ps7_cortexa9_0/include/xtmrctr.h:177:0,
                 from ../src/app.c:67:
../src/app.c: In function 'Timer1Task':
../../third_wind_bsp/ps7_cortexa9_0/include/xstatus.h:65:41: warning: 'return' with a value, in function returning void
 #define XST_FAILURE                     1L
                                         ^
../src/app.c:237:17: note: in expansion of macro 'XST_FAILURE'
          return XST_FAILURE;
                 ^~~~~~~~~~~
../src/app.c:215:6: note: declared here
 void Timer1Task (void *p_arg)
      ^~~~~~~~~~
'Finished building: ../src/app.c'
' '
'Building target: third_wind.elf'
'Invoking: ARM v7 gcc linker'
arm-none-eabi-gcc -mcpu=cortex-a9 -mfpu=vfpv3 -mfloat-abi=hard -Wl,-build-id=none -specs=Xilinx.spec -Wl,-T -Wl,../src/lscript.ld -L../../third_wind_bsp/ps7_cortexa9_0/lib -o "third_wind.elf"  ./src/app.o ./src/platform.o   -Wl,--start-group,-lucos,-lgcc,-lc,--end-group -Wl,--start-group,-lxil,-lucos,-lgcc,-lc,--end-group
'Finished building target: third_wind.elf'
' '
'Invoking: ARM v7 Print Size'
arm-none-eabi-size third_wind.elf  |tee "third_wind.elf.size"
   text	   data	    bss	    dec	    hex	filename
  81168	   2196	  39392	 122756	  1df84	third_wind.elf
'Finished building: third_wind.elf.size'
' '
14:34:46 **** Incremental Build of configuration Debug for project third_wind ****
make pre-build main-build 
a9-linaro-pre-build-step
' '
make: Nothing to be done for `main-build'.
14:37:35 **** Auto Build of configuration Debug for project third_wind ****
make pre-build main-build 
a9-linaro-pre-build-step
' '
'Building file: ../src/app.c'
'Invoking: ARM v7 gcc compiler'
arm-none-eabi-gcc -Wall -O0 -g3 -c -fmessage-length=0 -MT"src/app.o" -mcpu=cortex-a9 -mfpu=vfpv3 -mfloat-abi=hard -I../../third_wind_bsp/ps7_cortexa9_0/include -MMD -MP -MF"src/app.d" -MT"src/app.o" -o "src/app.o" "../src/app.c"
In file included from ../../third_wind_bsp/ps7_cortexa9_0/include/xtmrctr.h:177:0,
                 from ../src/app.c:67:
../src/app.c: In function 'Timer1Task':
../../third_wind_bsp/ps7_cortexa9_0/include/xstatus.h:65:41: warning: 'return' with a value, in function returning void
 #define XST_FAILURE                     1L
                                         ^
../src/app.c:237:17: note: in expansion of macro 'XST_FAILURE'
          return XST_FAILURE;
                 ^~~~~~~~~~~
../src/app.c:215:6: note: declared here
 void Timer1Task (void *p_arg)
      ^~~~~~~~~~
'Finished building: ../src/app.c'
' '
'Building target: third_wind.elf'
'Invoking: ARM v7 gcc linker'
arm-none-eabi-gcc -mcpu=cortex-a9 -mfpu=vfpv3 -mfloat-abi=hard -Wl,-build-id=none -specs=Xilinx.spec -Wl,-T -Wl,../src/lscript.ld -L../../third_wind_bsp/ps7_cortexa9_0/lib -o "third_wind.elf"  ./src/app.o ./src/platform.o   -Wl,--start-group,-lucos,-lgcc,-lc,--end-group -Wl,--start-group,-lxil,-lucos,-lgcc,-lc,--end-group
'Finished building target: third_wind.elf'
' '
'Invoking: ARM v7 Print Size'
arm-none-eabi-size third_wind.elf  |tee "third_wind.elf.size"
   text	   data	    bss	    dec	    hex	filename
  81232	   2196	  39392	 122820	  1dfc4	third_wind.elf
'Finished building: third_wind.elf.size'
' '
14:39:07 **** Auto Build of configuration Debug for project third_wind ****
make pre-build main-build 
a9-linaro-pre-build-step
' '
'Building file: ../src/app.c'
'Invoking: ARM v7 gcc compiler'
arm-none-eabi-gcc -Wall -O0 -g3 -c -fmessage-length=0 -MT"src/app.o" -mcpu=cortex-a9 -mfpu=vfpv3 -mfloat-abi=hard -I../../third_wind_bsp/ps7_cortexa9_0/include -MMD -MP -MF"src/app.d" -MT"src/app.o" -o "src/app.o" "../src/app.c"
In file included from ../../third_wind_bsp/ps7_cortexa9_0/include/xtmrctr.h:177:0,
                 from ../src/app.c:67:
../src/app.c: In function 'Timer1Task':
../../third_wind_bsp/ps7_cortexa9_0/include/xstatus.h:65:41: warning: 'return' with a value, in function returning void
 #define XST_FAILURE                     1L
                                         ^
../src/app.c:237:17: note: in expansion of macro 'XST_FAILURE'
          return XST_FAILURE;
                 ^~~~~~~~~~~
../src/app.c:215:6: note: declared here
 void Timer1Task (void *p_arg)
      ^~~~~~~~~~
'Finished building: ../src/app.c'
' '
'Building target: third_wind.elf'
'Invoking: ARM v7 gcc linker'
arm-none-eabi-gcc -mcpu=cortex-a9 -mfpu=vfpv3 -mfloat-abi=hard -Wl,-build-id=none -specs=Xilinx.spec -Wl,-T -Wl,../src/lscript.ld -L../../third_wind_bsp/ps7_cortexa9_0/lib -o "third_wind.elf"  ./src/app.o ./src/platform.o   -Wl,--start-group,-lucos,-lgcc,-lc,--end-group -Wl,--start-group,-lxil,-lucos,-lgcc,-lc,--end-group
'Finished building target: third_wind.elf'
' '
'Invoking: ARM v7 Print Size'
arm-none-eabi-size third_wind.elf  |tee "third_wind.elf.size"
   text	   data	    bss	    dec	    hex	filename
  81296	   2196	  39392	 122884	  1e004	third_wind.elf
'Finished building: third_wind.elf.size'
' '
14:39:14 **** Incremental Build of configuration Debug for project third_wind ****
make pre-build main-build 
a9-linaro-pre-build-step
' '
make: Nothing to be done for `main-build'.
14:40:57 **** Auto Build of configuration Debug for project third_wind ****
make pre-build main-build 
a9-linaro-pre-build-step
' '
'Building file: ../src/app.c'
'Invoking: ARM v7 gcc compiler'
arm-none-eabi-gcc -Wall -O0 -g3 -c -fmessage-length=0 -MT"src/app.o" -mcpu=cortex-a9 -mfpu=vfpv3 -mfloat-abi=hard -I../../third_wind_bsp/ps7_cortexa9_0/include -MMD -MP -MF"src/app.d" -MT"src/app.o" -o "src/app.o" "../src/app.c"
In file included from ../../third_wind_bsp/ps7_cortexa9_0/include/xtmrctr.h:177:0,
                 from ../src/app.c:67:
../src/app.c: In function 'Timer1Task':
../../third_wind_bsp/ps7_cortexa9_0/include/xstatus.h:65:41: warning: 'return' with a value, in function returning void
 #define XST_FAILURE                     1L
                                         ^
../src/app.c:237:17: note: in expansion of macro 'XST_FAILURE'
          return XST_FAILURE;
                 ^~~~~~~~~~~
../src/app.c:215:6: note: declared here
 void Timer1Task (void *p_arg)
      ^~~~~~~~~~
'Finished building: ../src/app.c'
' '
'Building target: third_wind.elf'
'Invoking: ARM v7 gcc linker'
arm-none-eabi-gcc -mcpu=cortex-a9 -mfpu=vfpv3 -mfloat-abi=hard -Wl,-build-id=none -specs=Xilinx.spec -Wl,-T -Wl,../src/lscript.ld -L../../third_wind_bsp/ps7_cortexa9_0/lib -o "third_wind.elf"  ./src/app.o ./src/platform.o   -Wl,--start-group,-lucos,-lgcc,-lc,--end-group -Wl,--start-group,-lxil,-lucos,-lgcc,-lc,--end-group
'Finished building target: third_wind.elf'
' '
'Invoking: ARM v7 Print Size'
arm-none-eabi-size third_wind.elf  |tee "third_wind.elf.size"
   text	   data	    bss	    dec	    hex	filename
  81296	   2196	  39392	 122884	  1e004	third_wind.elf
'Finished building: third_wind.elf.size'
' '
14:41:06 **** Incremental Build of configuration Debug for project third_wind ****
make pre-build main-build 
a9-linaro-pre-build-step
' '
make: Nothing to be done for `main-build'.
16:00:09 **** Incremental Build of configuration Debug for project third_wind ****
make pre-build main-build 
a9-linaro-pre-build-step
' '
make: Nothing to be done for `main-build'.
16:01:24 **** Auto Build of configuration Debug for project third_wind ****
make pre-build main-build 
a9-linaro-pre-build-step
' '
'Building file: ../src/app.c'
'Invoking: ARM v7 gcc compiler'
arm-none-eabi-gcc -Wall -O0 -g3 -c -fmessage-length=0 -MT"src/app.o" -mcpu=cortex-a9 -mfpu=vfpv3 -mfloat-abi=hard -I../../third_wind_bsp/ps7_cortexa9_0/include -MMD -MP -MF"src/app.d" -MT"src/app.o" -o "src/app.o" "../src/app.c"
In file included from ../../third_wind_bsp/ps7_cortexa9_0/include/xtmrctr.h:177:0,
                 from ../src/app.c:67:
../src/app.c: In function 'Timer1Task':
../../third_wind_bsp/ps7_cortexa9_0/include/xstatus.h:65:41: warning: 'return' with a value, in function returning void
 #define XST_FAILURE                     1L
                                         ^
../src/app.c:234:17: note: in expansion of macro 'XST_FAILURE'
          return XST_FAILURE;
                 ^~~~~~~~~~~
../src/app.c:212:6: note: declared here
 void Timer1Task (void *p_arg)
      ^~~~~~~~~~
'Finished building: ../src/app.c'
' '
'Building target: third_wind.elf'
'Invoking: ARM v7 gcc linker'
arm-none-eabi-gcc -mcpu=cortex-a9 -mfpu=vfpv3 -mfloat-abi=hard -Wl,-build-id=none -specs=Xilinx.spec -Wl,-T -Wl,../src/lscript.ld -L../../third_wind_bsp/ps7_cortexa9_0/lib -o "third_wind.elf"  ./src/app.o ./src/platform.o   -Wl,--start-group,-lucos,-lgcc,-lc,--end-group -Wl,--start-group,-lxil,-lucos,-lgcc,-lc,--end-group
'Finished building target: third_wind.elf'
' '
'Invoking: ARM v7 Print Size'
arm-none-eabi-size third_wind.elf  |tee "third_wind.elf.size"
   text	   data	    bss	    dec	    hex	filename
  81040	   2196	  39392	 122628	  1df04	third_wind.elf
'Finished building: third_wind.elf.size'
' '
16:01:30 **** Auto Build of configuration Debug for project third_wind ****
make pre-build main-build 
a9-linaro-pre-build-step
' '
'Building file: ../src/app.c'
'Invoking: ARM v7 gcc compiler'
arm-none-eabi-gcc -Wall -O0 -g3 -c -fmessage-length=0 -MT"src/app.o" -mcpu=cortex-a9 -mfpu=vfpv3 -mfloat-abi=hard -I../../third_wind_bsp/ps7_cortexa9_0/include -MMD -MP -MF"src/app.d" -MT"src/app.o" -o "src/app.o" "../src/app.c"
In file included from ../../third_wind_bsp/ps7_cortexa9_0/include/xtmrctr.h:177:0,
                 from ../src/app.c:67:
../src/app.c: In function 'Timer1Task':
../../third_wind_bsp/ps7_cortexa9_0/include/xstatus.h:65:41: warning: 'return' with a value, in function returning void
 #define XST_FAILURE                     1L
                                         ^
../src/app.c:234:17: note: in expansion of macro 'XST_FAILURE'
          return XST_FAILURE;
                 ^~~~~~~~~~~
../src/app.c:212:6: note: declared here
 void Timer1Task (void *p_arg)
      ^~~~~~~~~~
'Finished building: ../src/app.c'
' '
'Building target: third_wind.elf'
'Invoking: ARM v7 gcc linker'
arm-none-eabi-gcc -mcpu=cortex-a9 -mfpu=vfpv3 -mfloat-abi=hard -Wl,-build-id=none -specs=Xilinx.spec -Wl,-T -Wl,../src/lscript.ld -L../../third_wind_bsp/ps7_cortexa9_0/lib -o "third_wind.elf"  ./src/app.o ./src/platform.o   -Wl,--start-group,-lucos,-lgcc,-lc,--end-group -Wl,--start-group,-lxil,-lucos,-lgcc,-lc,--end-group
'Finished building target: third_wind.elf'
' '
'Invoking: ARM v7 Print Size'
arm-none-eabi-size third_wind.elf  |tee "third_wind.elf.size"
   text	   data	    bss	    dec	    hex	filename
  81040	   2196	  39392	 122628	  1df04	third_wind.elf
'Finished building: third_wind.elf.size'
' '
16:01:33 **** Incremental Build of configuration Debug for project third_wind ****
make pre-build main-build 
a9-linaro-pre-build-step
' '
make: Nothing to be done for `main-build'.
16:27:03 **** Auto Build of configuration Debug for project third_wind ****
make pre-build main-build 
a9-linaro-pre-build-step
' '
'Building file: ../src/app.c'
'Invoking: ARM v7 gcc compiler'
arm-none-eabi-gcc -Wall -O0 -g3 -c -fmessage-length=0 -MT"src/app.o" -mcpu=cortex-a9 -mfpu=vfpv3 -mfloat-abi=hard -I../../third_wind_bsp/ps7_cortexa9_0/include -MMD -MP -MF"src/app.d" -MT"src/app.o" -o "src/app.o" "../src/app.c"
In file included from ../../third_wind_bsp/ps7_cortexa9_0/include/xtmrctr.h:177:0,
                 from ../src/app.c:67:
../src/app.c: In function 'Timer1Task':
../../third_wind_bsp/ps7_cortexa9_0/include/xstatus.h:65:41: warning: 'return' with a value, in function returning void
 #define XST_FAILURE                     1L
                                         ^
../src/app.c:234:17: note: in expansion of macro 'XST_FAILURE'
          return XST_FAILURE;
                 ^~~~~~~~~~~
../src/app.c:212:6: note: declared here
 void Timer1Task (void *p_arg)
      ^~~~~~~~~~
'Finished building: ../src/app.c'
' '
'Building target: third_wind.elf'
'Invoking: ARM v7 gcc linker'
arm-none-eabi-gcc -mcpu=cortex-a9 -mfpu=vfpv3 -mfloat-abi=hard -Wl,-build-id=none -specs=Xilinx.spec -Wl,-T -Wl,../src/lscript.ld -L../../third_wind_bsp/ps7_cortexa9_0/lib -o "third_wind.elf"  ./src/app.o ./src/platform.o   -Wl,--start-group,-lucos,-lgcc,-lc,--end-group -Wl,--start-group,-lxil,-lucos,-lgcc,-lc,--end-group
'Finished building target: third_wind.elf'
' '
'Invoking: ARM v7 Print Size'
arm-none-eabi-size third_wind.elf  |tee "third_wind.elf.size"
   text	   data	    bss	    dec	    hex	filename
  80912	   2196	  39392	 122500	  1de84	third_wind.elf
'Finished building: third_wind.elf.size'
' '
16:27:07 **** Incremental Build of configuration Debug for project third_wind ****
make pre-build main-build 
a9-linaro-pre-build-step
' '
make: Nothing to be done for `main-build'.
